Component: Arm Compiler for Embedded 6.22 Tool: armlink [5ee90200]

==============================================================================

Section Cross References

    main.o(.text.USART1_IRQHandler) refers to main.o(.text.__NVIC_DisableIRQ) for __NVIC_DisableIRQ
    main.o(.text.USART1_IRQHandler) refers to main.o(.bss.sendFreqDutyOnce) for sendFreqDutyOnce
    main.o(.text.USART1_IRQHandler) refers to main.o(.bss.stringSent_ch1) for stringSent_ch1
    main.o(.text.USART1_IRQHandler) refers to main.o(.bss.stringSent_ch2) for stringSent_ch2
    main.o(.ARM.exidx.text.USART1_IRQHandler) refers to main.o(.text.USART1_IRQHandler) for [Anonymous Symbol]
    main.o(.ARM.exidx.text.__NVIC_DisableIRQ) refers to main.o(.text.__NVIC_DisableIRQ) for [Anonymous Symbol]
    main.o(.text.TIM2_IRQHandler) refers to main.o(.bss.TIM2_IRQHandler.OverflowCount) for TIM2_IRQHandler.OverflowCount
    main.o(.text.TIM2_IRQHandler) refers to fflt_clz.o(x$fpl$fflt) for __aeabi_i2f
    main.o(.text.TIM2_IRQHandler) refers to main.o(.bss.Timer2Channel) for Timer2Channel
    main.o(.text.TIM2_IRQHandler) refers to main.o(.bss.TIM2_IRQHandler.ovf) for TIM2_IRQHandler.ovf
    main.o(.text.TIM2_IRQHandler) refers to main.o(.bss.stringSent_ch1) for stringSent_ch1
    main.o(.text.TIM2_IRQHandler) refers to usart.o(.text.USART_send) for USART_send
    main.o(.text.TIM2_IRQHandler) refers to fcmp.o(x$fpl$fcmp) for __aeabi_fcmpeq
    main.o(.text.TIM2_IRQHandler) refers to faddsub_clz.o(x$fpl$fsub) for __aeabi_fsub
    main.o(.text.TIM2_IRQHandler) refers to fmul.o(x$fpl$fmul) for __aeabi_fmul
    main.o(.text.TIM2_IRQHandler) refers to fdiv.o(x$fpl$fdiv) for __aeabi_fdiv
    main.o(.text.TIM2_IRQHandler) refers to ffixu.o(x$fpl$ffixu) for __aeabi_f2uiz
    main.o(.text.TIM2_IRQHandler) refers to rcc.o(.text.RCC_GetAbp1Clk) for RCC_GetAbp1Clk
    main.o(.text.TIM2_IRQHandler) refers to main.o(.bss.old_freq_ch1) for old_freq_ch1
    main.o(.text.TIM2_IRQHandler) refers to main.o(.bss.old_duty_ch1) for old_duty_ch1
    main.o(.text.TIM2_IRQHandler) refers to fflt_clz.o(x$fpl$ffltu) for __aeabi_ui2f
    main.o(.text.TIM2_IRQHandler) refers to main.o(.bss.update_ch1) for update_ch1
    main.o(.text.TIM2_IRQHandler) refers to f2d.o(x$fpl$f2d) for __aeabi_f2d
    main.o(.text.TIM2_IRQHandler) refers to main.o(.rodata.str1.1) for .L.str
    main.o(.text.TIM2_IRQHandler) refers to sprintf.o(.text) for sprintf
    main.o(.text.TIM2_IRQHandler) refers to usart.o(.text.USART_str) for USART_str
    main.o(.ARM.exidx.text.TIM2_IRQHandler) refers to main.o(.text.TIM2_IRQHandler) for [Anonymous Symbol]
    main.o(.text.TIM3_IRQHandler) refers to main.o(.bss.TIM3_IRQHandler.OverflowCount2) for TIM3_IRQHandler.OverflowCount2
    main.o(.text.TIM3_IRQHandler) refers to fflt_clz.o(x$fpl$fflt) for __aeabi_i2f
    main.o(.text.TIM3_IRQHandler) refers to main.o(.bss.Timer3Channel) for Timer3Channel
    main.o(.text.TIM3_IRQHandler) refers to main.o(.bss.TIM3_IRQHandler.ovf2) for TIM3_IRQHandler.ovf2
    main.o(.text.TIM3_IRQHandler) refers to main.o(.bss.stringSent_ch2) for stringSent_ch2
    main.o(.text.TIM3_IRQHandler) refers to usart.o(.text.USART_send) for USART_send
    main.o(.text.TIM3_IRQHandler) refers to fcmp.o(x$fpl$fcmp) for __aeabi_fcmpeq
    main.o(.text.TIM3_IRQHandler) refers to faddsub_clz.o(x$fpl$fsub) for __aeabi_fsub
    main.o(.text.TIM3_IRQHandler) refers to fmul.o(x$fpl$fmul) for __aeabi_fmul
    main.o(.text.TIM3_IRQHandler) refers to fdiv.o(x$fpl$fdiv) for __aeabi_fdiv
    main.o(.text.TIM3_IRQHandler) refers to ffixu.o(x$fpl$ffixu) for __aeabi_f2uiz
    main.o(.text.TIM3_IRQHandler) refers to rcc.o(.text.RCC_GetAbp1Clk) for RCC_GetAbp1Clk
    main.o(.text.TIM3_IRQHandler) refers to main.o(.bss.old_freq_ch2) for old_freq_ch2
    main.o(.text.TIM3_IRQHandler) refers to main.o(.bss.old_duty_ch2) for old_duty_ch2
    main.o(.text.TIM3_IRQHandler) refers to fflt_clz.o(x$fpl$ffltu) for __aeabi_ui2f
    main.o(.text.TIM3_IRQHandler) refers to main.o(.bss.update_ch2) for update_ch2
    main.o(.text.TIM3_IRQHandler) refers to f2d.o(x$fpl$f2d) for __aeabi_f2d
    main.o(.text.TIM3_IRQHandler) refers to main.o(.rodata.str1.1) for .L.str.1
    main.o(.text.TIM3_IRQHandler) refers to sprintf.o(.text) for sprintf
    main.o(.text.TIM3_IRQHandler) refers to usart.o(.text.USART_str) for USART_str
    main.o(.ARM.exidx.text.TIM3_IRQHandler) refers to main.o(.text.TIM3_IRQHandler) for [Anonymous Symbol]
    main.o(.ARM.exidx.text.clearCharArray) refers to main.o(.text.clearCharArray) for [Anonymous Symbol]
    main.o(.text.main) refers to main.o(.text.TIM1_PWMOC) for TIM1_PWMOC
    main.o(.text.main) refers to main.o(.text.TIM4_PWMOC) for TIM4_PWMOC
    main.o(.text.main) refers to main.o(.text.USART1_Config) for USART1_Config
    main.o(.text.main) refers to main.o(.text.TIM2_PWMIC) for TIM2_PWMIC
    main.o(.text.main) refers to main.o(.text.TIM3_PWMIC) for TIM3_PWMIC
[...]
    .ARM.Collect$$_printf_percent$$00000003  0x0800017c   Section        6  _printf_f.o(.ARM.Collect$$_printf_percent$$00000003)
    .ARM.Collect$$_printf_percent$$00000004  0x08000182   Section        6  _printf_e.o(.ARM.Collect$$_printf_percent$$00000004)
    .ARM.Collect$$_printf_percent$$00000005  0x08000188   Section        6  _printf_g.o(.ARM.Collect$$_printf_percent$$00000005)
    .ARM.Collect$$_printf_percent$$00000006  0x0800018e   Section        6  _printf_a.o(.ARM.Collect$$_printf_percent$$00000006)
    .ARM.Collect$$_printf_percent$$00000007  0x08000194   Section       10  _printf_ll.o(.ARM.Collect$$_printf_percent$$00000007)
    .ARM.Collect$$_printf_percent$$00000008  0x0800019e   Section        6  _printf_i.o(.ARM.Collect$$_printf_percent$$00000008)
    .ARM.Collect$$_printf_percent$$00000009  0x080001a4   Section        6  _printf_d.o(.ARM.Collect$$_printf_percent$$00000009)
    .ARM.Collect$$_printf_percent$$0000000A  0x080001aa   Section        6  _printf_u.o(.ARM.Collect$$_printf_percent$$0000000A)
    .ARM.Collect$$_printf_percent$$0000000B  0x080001b0   Section        6  _printf_o.o(.ARM.Collect$$_printf_percent$$0000000B)
    .ARM.Collect$$_printf_percent$$0000000C  0x080001b6   Section        6  _printf_x.o(.ARM.Collect$$_printf_percent$$0000000C)
    .ARM.Collect$$_printf_percent$$0000000D  0x080001bc   Section        6  _printf_lli.o(.ARM.Collect$$_printf_percent$$0000000D)
    .ARM.Collect$$_printf_percent$$0000000E  0x080001c2   Section        6  _printf_lld.o(.ARM.Collect$$_printf_percent$$0000000E)
    .ARM.Collect$$_printf_percent$$0000000F  0x080001c8   Section        6  _printf_llu.o(.ARM.Collect$$_printf_percent$$0000000F)
    .ARM.Collect$$_printf_percent$$00000010  0x080001ce   Section        6  _printf_llo.o(.ARM.Collect$$_printf_percent$$00000010)
    .ARM.Collect$$_printf_percent$$00000011  0x080001d4   Section        6  _printf_llx.o(.ARM.Collect$$_printf_percent$$00000011)
    .ARM.Collect$$_printf_percent$$00000012  0x080001da   Section       10  _printf_l.o(.ARM.Collect$$_printf_percent$$00000012)
    .ARM.Collect$$_printf_percent$$00000013  0x080001e4   Section        6  _printf_c.o(.ARM.Collect$$_printf_percent$$00000013)
    .ARM.Collect$$_printf_percent$$00000014  0x080001ea   Section        6  _printf_s.o(.ARM.Collect$$_printf_percent$$00000014)
    .ARM.Collect$$_printf_percent$$00000015  0x080001f0   Section        6  _printf_lc.o(.ARM.Collect$$_printf_percent$$00000015)
    .ARM.Collect$$_printf_percent$$00000016  0x080001f6   Section        6  _printf_ls.o(.ARM.Collect$$_printf_percent$$00000016)
    .ARM.Collect$$_printf_percent$$00000017  0x080001fc   Section        4  _printf_percent_end.o(.ARM.Collect$$_printf_percent$$00000017)
    .ARM.Collect$$libinit$$00000000          0x08000200   Section        2  libinit.o(.ARM.Collect$$libinit$$00000000)
    .ARM.Collect$$libinit$$00000002          0x08000202   Section        0  libinit2.o(.ARM.Collect$$libinit$$00000002)
    .ARM.Collect$$libinit$$00000004          0x08000202   Section        0  libinit2.o(.ARM.Collect$$libinit$$00000004)
    .ARM.Collect$$libinit$$00000006          0x08000202   Section        0  libinit2.o(.ARM.Collect$$libinit$$00000006)
    .ARM.Collect$$libinit$$0000000C          0x08000202   Section        0  libinit2.o(.ARM.Collect$$libinit$$0000000C)
    .ARM.Collect$$libinit$$0000000E          0x08000202   Section        0  libinit2.o(.ARM.Collect$$libinit$$0000000E)
    .ARM.Collect$$libinit$$00000010          0x08000202   Section        0  libinit2.o(.ARM.Collect$$libinit$$00000010)
    .ARM.Collect$$libinit$$00000011          0x08000202   Section        6  libinit2.o(.ARM.Collect$$libinit$$00000011)
    .ARM.Collect$$libinit$$00000013          0x08000208   Section        0  libinit2.o(.ARM.Collect$$libinit$$00000013)
    .ARM.Collect$$libinit$$00000014          0x08000208   Section       12  libinit2.o(.ARM.Collect$$libinit$$00000014)
    .ARM.Collect$$libinit$$00000015          0x08000214   Section        0  libinit2.o(.ARM.Collect$$libinit$$00000015)
    .ARM.Collect$$libinit$$00000017          0x08000214   Section        0  libinit2.o(.ARM.Collect$$libinit$$00000017)
    .ARM.Collect$$libinit$$00000018          0x08000214   Section       10  libinit2.o(.ARM.Collect$$libinit$$00000018)
    .ARM.Collect$$libinit$$00000019          0x0800021e   Section        0  libinit2.o(.ARM.Collect$$libinit$$00000019)
    .ARM.Collect$$libinit$$0000001B          0x0800021e   Section        0  libinit2.o(.ARM.Collect$$libinit$$0000001B)
    .ARM.Collect$$libinit$$0000001D          0x0800021e   Section        0  libinit2.o(.ARM.Collect$$libinit$$0000001D)
    .ARM.Collect$$libinit$$0000001F          0x0800021e   Section        0  libinit2.o(.ARM.Collect$$libinit$$0000001F)
    .ARM.Collect$$libinit$$00000021          0x0800021e   Section        0  libinit2.o(.ARM.Collect$$libinit$$00000021)
    .ARM.Collect$$libinit$$00000023          0x0800021e   Section        0  libinit2.o(.ARM.Collect$$libinit$$00000023)
    .ARM.Collect$$libinit$$00000025          0x0800021e   Section        0  libinit2.o(.ARM.Collect$$libinit$$00000025)
    .ARM.Collect$$libinit$$00000027          0x0800021e   Section        0  libinit2.o(.ARM.Collect$$libinit$$00000027)
    .ARM.Collect$$libinit$$0000002E          0x0800021e   Section        0  libinit2.o(.ARM.Collect$$libinit$$0000002E)
    .ARM.Collect$$libinit$$00000030          0x0800021e   Section        0  libinit2.o(.ARM.Collect$$libinit$$00000030)
    .ARM.Collect$$libinit$$00000032          0x0800021e   Section        0  libinit2.o(.ARM.Collect$$libinit$$00000032)
    .ARM.Collect$$libinit$$00000034          0x0800021e   Section        0  libinit2.o(.ARM.Collect$$libinit$$00000034)
    .ARM.Collect$$libinit$$00000035          0x0800021e   Section        2  libinit2.o(.ARM.Collect$$libinit$$00000035)
    .ARM.Collect$$libshutdown$$00000000      0x08000220   Section        2  libshutdown.o(.ARM.Collect$$libshutdown$$00000000)
    .ARM.Collect$$libshutdown$$00000002      0x08000222   Section        0  libshutdown2.o(.ARM.Collect$$libshutdown$$00000002)
    .ARM.Collect$$libshutdown$$00000004      0x08000222   Section        0  libshutdown2.o(.ARM.Collect$$libshutdown$$00000004)
    .ARM.Collect$$libshutdown$$00000007      0x08000222   Section        0  libshutdown2.o(.ARM.Collect$$libshutdown$$00000007)
    .ARM.Collect$$libshutdown$$0000000A      0x08000222   Section        0  libshutdown2.o(.ARM.Collect$$libshutdown$$0000000A)
    .ARM.Collect$$libshutdown$$0000000C      0x08000222   Section        0  libshutdown2.o(.ARM.Collect$$libshutdown$$0000000C)
    .ARM.Collect$$libshutdown$$0000000F      0x08000222   Section        0  libshutdown2.o(.ARM.Collect$$libshutdown$$0000000F)
    .ARM.Collect$$libshutdown$$00000010      0x08000222   Section        2  libshutdown2.o(.ARM.Collect$$libshutdown$$00000010)
    .ARM.Collect$$rtentry$$00000000          0x08000224   Section        0  __rtentry.o(.ARM.Collect$$rtentry$$00000000)
    .ARM.Collect$$rtentry$$00000002          0x08000224   Section        0  __rtentry2.o(.ARM.Collect$$rtentry$$00000002)
    .ARM.Collect$$rtentry$$00000004          0x08000224   Section        6  __rtentry4.o(.ARM.Collect$$rtentry$$00000004)
    .ARM.Collect$$rtentry$$00000009          0x0800022a   Section        0  __rtentry2.o(.ARM.Collect$$rtentry$$00000009)
    .ARM.Collect$$rtentry$$0000000A          0x0800022a   Section        4  __rtentry2.o(.ARM.Collect$$rtentry$$0000000A)
    .ARM.Collect$$rtentry$$0000000C          0x0800022e   Section        0  __rtentry2.o(.ARM.Collect$$rtentry$$0000000C)
    .ARM.Collect$$rtentry$$0000000D          0x0800022e   Section        8  __rtentry2.o(.ARM.Collect$$rtentry$$0000000D)
    .ARM.Collect$$rtexit$$00000000           0x08000236   Section        2  rtexit.o(.ARM.Collect$$rtexit$$00000000)
    .ARM.Collect$$rtexit$$00000002           0x08000238   Section        0  rtexit2.o(.ARM.Collect$$rtexit$$00000002)
    .ARM.Collect$$rtexit$$00000003           0x08000238   Section        4  rtexit2.o(.ARM.Collect$$rtexit$$00000003)
    .ARM.Collect$$rtexit$$00000004           0x0800023c   Section        6  rtexit2.o(.ARM.Collect$$rtexit$$00000004)
    .text                                    0x08000244   Section       64  startup_stm32f10x_md.o(.text)
    .text                                    0x08000284   Section        0  sprintf.o(.text)
    .text                                    0x080002b0   Section        0  heapauxi.o(.text)
    .text                                    0x080002b6   Section        0  _printf_pad.o(.text)
    .text                                    0x08000304   Section        0  _printf_truncate.o(.text)
    .text                                    0x08000328   Section        0  _printf_str.o(.text)
    .text                                    0x0800037c   Section        0  _printf_dec.o(.text)
    .text                                    0x080003f4   Section        0  _printf_charcount.o(.text)
    _printf_input_char                       0x0800041d   Thumb Code    10  _printf_char_common.o(.text)
    .text                                    0x0800041c   Section        0  _printf_char_common.o(.text)
    .text                                    0x0800044c   Section        0  _sputc.o(.text)
    .text                                    0x08000458   Section        0  _printf_wctomb.o(.text)
    .text                                    0x08000514   Section        0  _printf_longlong_dec.o(.text)
    _printf_longlong_oct_internal            0x08000591   Thumb Code     0  _printf_oct_int_ll.o(.text)
    .text                                    0x08000590   Section        0  _printf_oct_int_ll.o(.text)
    _printf_hex_common                       0x08000601   Thumb Code     0  _printf_hex_int_ll_ptr.o(.text)
    .text                                    0x08000600   Section        0  _printf_hex_int_ll_ptr.o(.text)
    .text                                    0x08000694   Section        0  __printf_flags_ss_wp.o(.text)
    .text                                    0x0800081c   Section      138  lludiv10.o(.text)
    .text                                    0x080008a6   Section        0  _printf_intcommon.o(.text)
    _fp_digits                               0x08000959   Thumb Code   432  _printf_fp_dec.o(.text)
    .text                                    0x08000958   Section        0  _printf_fp_dec.o(.text)
    .text                                    0x08000d74   Section        0  _printf_fp_hex.o(.text)
    .text                                    0x08001070   Section        0  _printf_char.o(.text)
    .text                                    0x0800109c   Section        0  _printf_wchar.o(.text)
    .text                                    0x080010c8   Section        0  _c16rtomb.o(.text)
    .text                                    0x08001110   Section       74  sys_stackheap_outer.o(.text)
    .text                                    0x0800115c   Section       16  rt_ctype_table.o(.text)
    .text                                    0x0800116c   Section        8  rt_locale_intlibspace.o(.text)
    .text                                    0x08001174   Section        0  _printf_fp_infnan.o(.text)
    .text                                    0x080011f4   Section        0  bigflt0.o(.text)
    .text                                    0x080012d8   Section        0  exit.o(.text)
    .text                                    0x080012ec   Section        8  libspace.o(.text)
    .text                                    0x080012f4   Section      128  strcmpv7m.o(.text)
    .text                                    0x08001374   Section        0  sys_exit.o(.text)
    .text                                    0x08001380   Section        2  use_no_semi.o(.text)
    .text                                    0x08001382   Section        0  indicate_semi.o(.text)
    GPIO_SetMode                             0x08001385   Thumb Code   134  main.o(.text.GPIO_SetMode)
    [Anonymous Symbol]                       0x08001384   Section        0  main.o(.text.GPIO_SetMode)
    [Anonymous Symbol]                       0x0800140c   Section        0  rcc.o(.text.RCC_GetAbp1Clk)
    [Anonymous Symbol]                       0x08001440   Section        0  rcc.o(.text.RCC_GetAbp2Clk)
    [Anonymous Symbol]                       0x08001474   Section        0  rcc.o(.text.RCC_GetHClk)
    [Anonymous Symbol]                       0x080014a0   Section        0  rcc.o(.text.RCC_GetSysClk)
    SetSysClock                              0x08001595   Thumb Code     8  system_stm32f10x.o(.text.SetSysClock)
    [Anonymous Symbol]                       0x08001594   Section        0  system_stm32f10x.o(.text.SetSysClock)
    SetSysClockTo72                          0x0800159d   Thumb Code   290  system_stm32f10x.o(.text.SetSysClockTo72)
    [Anonymous Symbol]                       0x0800159c   Section        0  system_stm32f10x.o(.text.SetSysClockTo72)
    [Anonymous Symbol]                       0x080016c0   Section        0  system_stm32f10x.o(.text.SystemInit)
    [Anonymous Symbol]                       0x08001728   Section        0  main.o(.text.TIM1_PWMOC)
    [Anonymous Symbol]                       0x08001748   Section        0  main.o(.text.TIM1_PinConfig)
    [Anonymous Symbol]                       0x0800176c   Section        0  main.o(.text.TIM2_IRQHandler)
    [Anonymous Symbol]                       0x08001a74   Section        0  main.o(.text.TIM2_PWMIC)
    [Anonymous Symbol]                       0x08001a98   Section        0  main.o(.text.TIM2_PinConfig)
    [Anonymous Symbol]                       0x08001abc   Section        0  main.o(.text.TIM3_IRQHandler)
    [Anonymous Symbol]                       0x08001dd8   Section        0  main.o(.text.TIM3_PWMIC)
    [Anonymous Symbol]                       0x08001e00   Section        0  main.o(.text.TIM3_PinConfig)
    [Anonymous Symbol]                       0x08001e24   Section        0  main.o(.text.TIM4_PWMOC)
    [Anonymous Symbol]                       0x08001e44   Section        0  main.o(.text.TIM4_PinConfig)
    [Anonymous Symbol]                       0x08001e68   Section        0  tim.o(.text.TIM_Init)
    [Anonymous Symbol]                       0x08001f58   Section        0  tim.o(.text.TIM_OC1_PWMM1_Init)
    [Anonymous Symbol]                       0x08001ff8   Section        0  tim.o(.text.TIM_PWMICMInit)
    [Anonymous Symbol]                       0x0800209c   Section        0  tim.o(.text.TIM_ResetCNT)
    [Anonymous Symbol]                       0x080020b4   Section        0  main.o(.text.USART1_Config)
    [Anonymous Symbol]                       0x08002124   Section        0  main.o(.text.USART1_IRQHandler)
    [Anonymous Symbol]                       0x08002188   Section        0  usart.o(.text.USART_Init)
    [Anonymous Symbol]                       0x0800229c   Section        0  usart.o(.text.USART_send)
    [Anonymous Symbol]                       0x080022c0   Section        0  usart.o(.text.USART_str)
    __NVIC_DisableIRQ                        0x080022f5   Thumb Code    56  main.o(.text.__NVIC_DisableIRQ)
    [Anonymous Symbol]                       0x080022f4   Section        0  main.o(.text.__NVIC_DisableIRQ)
    __NVIC_EnableIRQ                         0x0800232d   Thumb Code    48  main.o(.text.__NVIC_EnableIRQ)
    [Anonymous Symbol]                       0x0800232c   Section        0  main.o(.text.__NVIC_EnableIRQ)
    __NVIC_SetPriority                       0x0800235d   Thumb Code    66  main.o(.text.__NVIC_SetPriority)
    [Anonymous Symbol]                       0x0800235c   Section        0  main.o(.text.__NVIC_SetPriority)
    [Anonymous Symbol]                       0x080023a0   Section        0  main.o(.text.main)
    CL$$btod_d2e                             0x080024c2   Section       62  btod.o(CL$$btod_d2e)
    CL$$btod_d2e_denorm_low                  0x08002500   Section       70  btod.o(CL$$btod_d2e_denorm_low)
    CL$$btod_d2e_norm_op1                    0x08002546   Section       96  btod.o(CL$$btod_d2e_norm_op1)
    CL$$btod_div_common                      0x080025a8   Section      824  btod.o(CL$$btod_div_common)
    CL$$btod_e2e                             0x080028e0   Section      220  btod.o(CL$$btod_e2e)
    CL$$btod_ediv                            0x080029bc   Section       42  btod.o(CL$$btod_ediv)
    CL$$btod_emul                            0x080029e6   Section       42  btod.o(CL$$btod_emul)
    CL$$btod_mult_common                     0x08002a10   Section      580  btod.o(CL$$btod_mult_common)
    i.__ARM_fpclassify                       0x08002c54   Section        0  fpclassify.o(i.__ARM_fpclassify)
    i._is_digit                              0x08002c7c   Section        0  __printf_wp.o(i._is_digit)
    locale$$code                             0x08002c8c   Section       44  lc_numeric_c.o(locale$$code)
    locale$$code                             0x08002cb8   Section       44  lc_ctype_c.o(locale$$code)
    x$fpl$dadd                               0x08002ce4   Section      336  daddsub_clz.o(x$fpl$dadd)
    _dadd1                                   0x08002cf5   Thumb Code     0  daddsub_clz.o(x$fpl$dadd)
    x$fpl$ddiv                               0x08002e34   Section      696  ddiv.o(x$fpl$ddiv)
    ddiv_entry                               0x08002e3b   Thumb Code     0  ddiv.o(x$fpl$ddiv)
    x$fpl$dfixu                              0x080030ec   Section       90  dfixu.o(x$fpl$dfixu)
    x$fpl$dfltu                              0x08003146   Section       38  dflt_clz.o(x$fpl$dfltu)
    x$fpl$dmul                               0x0800316c   Section      340  dmul.o(x$fpl$dmul)
    x$fpl$dnaninf                            0x080032c0   Section      156  dnaninf.o(x$fpl$dnaninf)
    x$fpl$dretinf                            0x0800335c   Section       12  dretinf.o(x$fpl$dretinf)
    x$fpl$dsub                               0x08003368   Section      476  daddsub_clz.o(x$fpl$dsub)
    _dsub1                                   0x08003379   Thumb Code     0  daddsub_clz.o(x$fpl$dsub)
    x$fpl$f2d                                0x08003544   Section       86  f2d.o(x$fpl$f2d)
    x$fpl$fadd                               0x0800359c   Section      196  faddsub_clz.o(x$fpl$fadd)
    _fadd1                                   0x080035ab   Thumb Code     0  faddsub_clz.o(x$fpl$fadd)
    x$fpl$fcmp                               0x08003660   Section       84  fcmp.o(x$fpl$fcmp)
    x$fpl$fcmpinf                            0x080036b4   Section       24  fcmpi.o(x$fpl$fcmpinf)
    _fdiv1                                   0x080036cd   Thumb Code     0  fdiv.o(x$fpl$fdiv)
    x$fpl$fdiv                               0x080036cc   Section      388  fdiv.o(x$fpl$fdiv)
    x$fpl$feqf                               0x08003850   Section      104  feqf.o(x$fpl$feqf)
    x$fpl$ffix                               0x080038b8   Section       54  ffix.o(x$fpl$ffix)
    x$fpl$ffixu                              0x080038f0   Section       62  ffixu.o(x$fpl$ffixu)
    x$fpl$fflt                               0x08003930   Section       48  fflt_clz.o(x$fpl$fflt)
    x$fpl$ffltu                              0x08003960   Section       38  fflt_clz.o(x$fpl$ffltu)
    x$fpl$fgeqf                              0x08003988   Section      104  fgeqf.o(x$fpl$fgeqf)
    x$fpl$fleqf                              0x080039f0   Section      104  fleqf.o(x$fpl$fleqf)
    x$fpl$fmul                               0x08003a58   Section      258  fmul.o(x$fpl$fmul)
    x$fpl$fnaninf                            0x08003b5a   Section      140  fnaninf.o(x$fpl$fnaninf)
    x$fpl$fretinf                            0x08003be6   Section       10  fretinf.o(x$fpl$fretinf)
    x$fpl$fsub                               0x08003bf0   Section      234  faddsub_clz.o(x$fpl$fsub)
    _fsub1                                   0x08003bff   Thumb Code     0  faddsub_clz.o(x$fpl$fsub)
    x$fpl$printf1                            0x08003cda   Section        4  printf1.o(x$fpl$printf1)
    x$fpl$printf2                            0x08003cde   Section        4  printf2.o(x$fpl$printf2)
    x$fpl$usenofp                            0x08003ce2   Section        0  usenofp.o(x$fpl$usenofp)
    initial_mbstate                          0x08003ce4   Data           8  _printf_wctomb.o(.constdata)
    .constdata                               0x08003ce4   Section        8  _printf_wctomb.o(.constdata)
    uc_hextab                                0x08003cec   Data          20  _printf_hex_int_ll_ptr.o(.constdata)
    .constdata                               0x08003cec   Section       40  _printf_hex_int_ll_ptr.o(.constdata)
    lc_hextab                                0x08003d00   Data          20  _printf_hex_int_ll_ptr.o(.constdata)
    maptable                                 0x08003d14   Data          17  __printf_flags_ss_wp.o(.constdata)
    .constdata                               0x08003d14   Section       17  __printf_flags_ss_wp.o(.constdata)
    lc_hextab                                0x08003d25   Data          19  _printf_fp_hex.o(.constdata)
    .constdata                               0x08003d25   Section       38  _printf_fp_hex.o(.constdata)
    uc_hextab                                0x08003d38   Data          19  _printf_fp_hex.o(.constdata)
    tenpwrs_x                                0x08003d4c   Data          60  bigflt0.o(.constdata)
    .constdata                               0x08003d4c   Section      148  bigflt0.o(.constdata)
    tenpwrs_i                                0x08003d88   Data          64  bigflt0.o(.constdata)
    AHBpreFactorTable                        0x08003de0   Data          32  rcc.o(.rodata.AHBpreFactorTable)
    [Anonymous Symbol]                       0x08003de0   Section        0  rcc.o(.rodata.AHBpreFactorTable)
    APBpreFactorTable                        0x08003e00   Data           8  rcc.o(.rodata.APBpreFactorTable)
    [Anonymous Symbol]                       0x08003e00   Section        0  rcc.o(.rodata.APBpreFactorTable)
    RCC_GetSysClk.PLLMULFactorTable          0x08003e08   Data          16  rcc.o(.rodata.RCC_GetSysClk.PLLMULFactorTable)
    [Anonymous Symbol]                       0x08003e08   Section        0  rcc.o(.rodata.RCC_GetSysClk.PLLMULFactorTable)
    .L.str                                   0x08003e18   Data          15  main.o(.rodata.str1.1)
    [Anonymous Symbol]                       0x08003e18   Section        0  main.o(.rodata.str1.1)
    .L.str.1                                 0x08003e27   Data          15  main.o(.rodata.str1.1)
    locale$$data                             0x08003e48   Section       28  lc_numeric_c.o(locale$$data)
    __lcnum_c_name                           0x08003e4c   Data           2  lc_numeric_c.o(locale$$data)
    __lcnum_c_start                          0x08003e54   Data           0  lc_numeric_c.o(locale$$data)
    __lcnum_c_point                          0x08003e60   Data           0  lc_numeric_c.o(locale$$data)
    __lcnum_c_thousands                      0x08003e62   Data           0  lc_numeric_c.o(locale$$data)
    __lcnum_c_grouping                       0x08003e63   Data           0  lc_numeric_c.o(locale$$data)
    __lcnum_c_end                            0x08003e64   Data           0  lc_numeric_c.o(locale$$data)
    locale$$data                             0x08003e64   Section      272  lc_ctype_c.o(locale$$data)
    __lcctype_c_name                         0x08003e68   Data           2  lc_ctype_c.o(locale$$data)
    __lcctype_c_start                        0x08003e70   Data           0  lc_ctype_c.o(locale$$data)
    __lcctype_c_end                          0x08003f74   Data           0  lc_ctype_c.o(locale$$data)
    .bss                                     0x20000000   Section       96  libspace.o(.bss)
    TIM2_IRQHandler.OverflowCount            0x20000060   Data           2  main.o(.bss.TIM2_IRQHandler.OverflowCount)
    [Anonymous Symbol]                       0x20000060   Section        0  main.o(.bss.TIM2_IRQHandler.OverflowCount)
    TIM2_IRQHandler.ovf                      0x20000062   Data           2  main.o(.bss.TIM2_IRQHandler.ovf)
    [Anonymous Symbol]                       0x20000062   Section        0  main.o(.bss.TIM2_IRQHandler.ovf)
    TIM3_IRQHandler.OverflowCount2           0x20000064   Data           2  main.o(.bss.TIM3_IRQHandler.OverflowCount2)
    [Anonymous Symbol]                       0x20000064   Section        0  main.o(.bss.TIM3_IRQHandler.OverflowCount2)
    TIM3_IRQHandler.ovf2                     0x20000066   Data           2  main.o(.bss.TIM3_IRQHandler.ovf2)
    [Anonymous Symbol]                       0x20000066   Section        0  main.o(.bss.TIM3_IRQHandler.ovf2)
    Heap_Mem                                 0x200000b8   Data         512  startup_stm32f10x_md.o(HEAP)
    HEAP                                     0x200000b8   Section      512  startup_stm32f10x_md.o(HEAP)
    Stack_Mem                                0x200002b8   Data        1024  startup_stm32f10x_md.o(STACK)
    STACK                                    0x200002b8   Section     1024  startup_stm32f10x_md.o(STACK)
    __initial_sp                             0x200006b8   Data           0  startup_stm32f10x_md.o(STACK)

    Global Symbols

    Symbol Name                              Value     Ov Type        Size  Object(Section)

    BuildAttributes$$THM_ISAv4$P$D$K$B$S$PE$A:L22UL41UL21$X:L11$S22US41US21$IEEE1$IW$~IW$USESV6$~STKCKD$USESV7$~SHL$OTIME$ROPI$IEEEJ$EBA8$UX$STANDARDLIB$REQ8$PRES8$EABIv2 0x00000000   Number         0  anon$$obj.o ABSOLUTE
    __fp_init_empty                          0x00000000   Number         0  fpinit_empty.o ABSOLUTE
    _printf_flags                            0x00000000   Number         0  printf_stubs.o ABSOLUTE
    _printf_return_value                     0x00000000   Number         0  printf_stubs.o ABSOLUTE
    _printf_sizespec                         0x00000000   Number         0  printf_stubs.o ABSOLUTE
    _printf_widthprec                        0x00000000   Number         0  printf_stubs.o ABSOLUTE
    __ARM_exceptions_init                     - Undefined Weak Reference
    __alloca_initialize                       - Undefined Weak Reference
    __arm_preinit_                            - Undefined Weak Reference
    __arm_relocate_pie_                       - Undefined Weak Reference
    __cpp_initialize__aeabi_                  - Undefined Weak Reference
    __cxa_finalize                            - Undefined Weak Reference
    __sigvec_lookup                           - Undefined Weak Reference
    _atexit_init                              - Undefined Weak Reference
    _call_atexit_fns                          - Undefined Weak Reference
    _clock_init                               - Undefined Weak Reference
    _fp_trap_init                             - Undefined Weak Reference
    _fp_trap_shutdown                         - Undefined Weak Reference
    _get_lc_collate                           - Undefined Weak Reference
    _get_lc_monetary                          - Undefined Weak Reference
    _get_lc_time                              - Undefined Weak Reference
    _getenv_init                              - Undefined Weak Reference
    _handle_redirection                       - Undefined Weak Reference
    _init_alloc                               - Undefined Weak Reference
    _init_user_alloc                          - Undefined Weak Reference
    _initio                                   - Undefined Weak Reference
    _printf_mbtowc                            - Undefined Weak Reference
    _printf_wc                                - Undefined Weak Reference
    _rand_init                                - Undefined Weak Reference
    _signal_finish                            - Undefined Weak Reference
    _signal_init                              - Undefined Weak Reference
    _terminate_alloc                          - Undefined Weak Reference
    _terminate_user_alloc                     - Undefined Weak Reference
    _terminateio                              - Undefined Weak Reference
    __Vectors_Size                           0x000000ec   Number         0  startup_stm32f10x_md.o ABSOLUTE
    __Vectors                                0x08000000   Data           4  startup_stm32f10x_md.o(RESET)
    __Vectors_End                            0x080000ec   Data           0  startup_stm32f10x_md.o(RESET)
    __main                                   0x080000ed   Thumb Code     8  __main.o(!!!main)
    __scatterload                            0x080000f5   Thumb Code     0  __scatter.o(!!!scatter)
    __scatterload_rt2                        0x080000f5   Thumb Code    84  __scatter.o(!!!scatter)
    __scatterload_rt2_thumb_only             0x080000f5   Thumb Code     0  __scatter.o(!!!scatter)
    __scatterload_loop                       0x080000ff   Thumb Code     0  __scatter.o(!!!scatter)
    __scatterload_null                       0x08000151   Thumb Code     2  __scatter.o(!!handler_null)
    __scatterload_zeroinit                   0x08000155   Thumb Code    28  __scatter_zi.o(!!handler_zi)
    _printf_n                                0x08000171   Thumb Code     0  _printf_n.o(.ARM.Collect$$_printf_percent$$00000001)
    _printf_percent                          0x08000171   Thumb Code     0  _printf_percent.o(.ARM.Collect$$_printf_percent$$00000000)
    _printf_p                                0x08000177   Thumb Code     0  _printf_p.o(.ARM.Collect$$_printf_percent$$00000002)
    _printf_f                                0x0800017d   Thumb Code     0  _printf_f.o(.ARM.Collect$$_printf_percent$$00000003)
    _printf_e                                0x08000183   Thumb Code     0  _printf_e.o(.ARM.Collect$$_printf_percent$$00000004)
    _printf_g                                0x08000189   Thumb Code     0  _printf_g.o(.ARM.Collect$$_printf_percent$$00000005)
    _printf_a                                0x0800018f   Thumb Code     0  _printf_a.o(.ARM.Collect$$_printf_percent$$00000006)
    _printf_ll                               0x08000195   Thumb Code     0  _printf_ll.o(.ARM.Collect$$_printf_percent$$00000007)
    _printf_i                                0x0800019f   Thumb Code     0  _printf_i.o(.ARM.Collect$$_printf_percent$$00000008)
    _printf_d                                0x080001a5   Thumb Code     0  _printf_d.o(.ARM.Collect$$_printf_percent$$00000009)
    _printf_u                                0x080001ab   Thumb Code     0  _printf_u.o(.ARM.Collect$$_printf_percent$$0000000A)
    _printf_o                                0x080001b1   Thumb Code     0  _printf_o.o(.ARM.Collect$$_printf_percent$$0000000B)
    _printf_x                                0x080001b7   Thumb Code     0  _printf_x.o(.ARM.Collect$$_printf_percent$$0000000C)
    _printf_lli                              0x080001bd   Thumb Code     0  _printf_lli.o(.ARM.Collect$$_printf_percent$$0000000D)
    _printf_lld                              0x080001c3   Thumb Code     0  _printf_lld.o(.ARM.Collect$$_printf_percent$$0000000E)
    _printf_llu                              0x080001c9   Thumb Code     0  _printf_llu.o(.ARM.Collect$$_printf_percent$$0000000F)
    _printf_llo                              0x080001cf   Thumb Code     0  _printf_llo.o(.ARM.Collect$$_printf_percent$$00000010)
    _printf_llx                              0x080001d5   Thumb Code     0  _printf_llx.o(.ARM.Collect$$_printf_percent$$00000011)
    _printf_l                                0x080001db   Thumb Code     0  _printf_l.o(.ARM.Collect$$_printf_percent$$00000012)
    _printf_c                                0x080001e5   Thumb Code     0  _printf_c.o(.ARM.Collect$$_printf_percent$$00000013)
    _printf_s                                0x080001eb   Thumb Code     0  _printf_s.o(.ARM.Collect$$_printf_percent$$00000014)
    _printf_lc                               0x080001f1   Thumb Code     0  _printf_lc.o(.ARM.Collect$$_printf_percent$$00000015)
    _printf_ls                               0x080001f7   Thumb Code     0  _printf_ls.o(.ARM.Collect$$_printf_percent$$00000016)
    _printf_percent_end                      0x080001fd   Thumb Code     0  _printf_percent_end.o(.ARM.Collect$$_printf_percent$$00000017)
    __rt_lib_init                            0x08000201   Thumb Code     0  libinit.o(.ARM.Collect$$libinit$$00000000)
    __rt_lib_init_fp_1                       0x08000203   Thumb Code     0  libinit2.o(.ARM.Collect$$libinit$$00000002)
    __rt_lib_init_heap_1                     0x08000203   Thumb Code     0  libinit2.o(.ARM.Collect$$libinit$$0000000C)
    __rt_lib_init_lc_common                  0x08000203   Thumb Code     0  libinit2.o(.ARM.Collect$$libinit$$00000011)
    __rt_lib_init_preinit_1                  0x08000203   Thumb Code     0  libinit2.o(.ARM.Collect$$libinit$$00000006)
    __rt_lib_init_rand_1                     0x08000203   Thumb Code     0  libinit2.o(.ARM.Collect$$libinit$$00000010)
    __rt_lib_init_relocate_pie_1             0x08000203   Thumb Code     0  libinit2.o(.ARM.Collect$$libinit$$00000004)
    __rt_lib_init_user_alloc_1               0x08000203   Thumb Code     0  libinit2.o(.ARM.Collect$$libinit$$0000000E)
    __rt_lib_init_lc_collate_1               0x08000209   Thumb Code     0  libinit2.o(.ARM.Collect$$libinit$$00000013)
    __rt_lib_init_lc_ctype_2                 0x08000209   Thumb Code     0  libinit2.o(.ARM.Collect$$libinit$$00000014)
    __rt_lib_init_lc_ctype_1                 0x08000215   Thumb Code     0  libinit2.o(.ARM.Collect$$libinit$$00000015)
    __rt_lib_init_lc_monetary_1              0x08000215   Thumb Code     0  libinit2.o(.ARM.Collect$$libinit$$00000017)
    __rt_lib_init_lc_numeric_2               0x08000215   Thumb Code     0  libinit2.o(.ARM.Collect$$libinit$$00000018)
    __rt_lib_init_alloca_1                   0x0800021f   Thumb Code     0  libinit2.o(.ARM.Collect$$libinit$$00000030)
    __rt_lib_init_argv_1                     0x0800021f   Thumb Code     0  libinit2.o(.ARM.Collect$$libinit$$0000002E)
    __rt_lib_init_atexit_1                   0x0800021f   Thumb Code     0  libinit2.o(.ARM.Collect$$libinit$$0000001D)
    __rt_lib_init_clock_1                    0x0800021f   Thumb Code     0  libinit2.o(.ARM.Collect$$libinit$$00000023)
    __rt_lib_init_cpp_1                      0x0800021f   Thumb Code     0  libinit2.o(.ARM.Collect$$libinit$$00000034)
    __rt_lib_init_exceptions_1               0x0800021f   Thumb Code     0  libinit2.o(.ARM.Collect$$libinit$$00000032)
    __rt_lib_init_fp_trap_1                  0x0800021f   Thumb Code     0  libinit2.o(.ARM.Collect$$libinit$$00000021)
    __rt_lib_init_getenv_1                   0x0800021f   Thumb Code     0  libinit2.o(.ARM.Collect$$libinit$$00000025)
    __rt_lib_init_lc_numeric_1               0x0800021f   Thumb Code     0  libinit2.o(.ARM.Collect$$libinit$$00000019)
    __rt_lib_init_lc_time_1                  0x0800021f   Thumb Code     0  libinit2.o(.ARM.Collect$$libinit$$0000001B)
    __rt_lib_init_return                     0x0800021f   Thumb Code     0  libinit2.o(.ARM.Collect$$libinit$$00000035)
    __rt_lib_init_signal_1                   0x0800021f   Thumb Code     0  libinit2.o(.ARM.Collect$$libinit$$0000001F)
    __rt_lib_init_stdio_1                    0x0800021f   Thumb Code     0  libinit2.o(.ARM.Collect$$libinit$$00000027)
    __rt_lib_shutdown                        0x08000221   Thumb Code     0  libshutdown.o(.ARM.Collect$$libshutdown$$00000000)
    __rt_lib_shutdown_cpp_1                  0x08000223   Thumb Code     0  libshutdown2.o(.ARM.Collect$$libshutdown$$00000002)
    __rt_lib_shutdown_fp_trap_1              0x08000223   Thumb Code     0  libshutdown2.o(.ARM.Collect$$libshutdown$$00000007)
    __rt_lib_shutdown_heap_1                 0x08000223   Thumb Code     0  libshutdown2.o(.ARM.Collect$$libshutdown$$0000000F)
    __rt_lib_shutdown_return                 0x08000223   Thumb Code     0  libshutdown2.o(.ARM.Collect$$libshutdown$$00000010)
    __rt_lib_shutdown_signal_1               0x08000223   Thumb Code     0  libshutdown2.o(.ARM.Collect$$libshutdown$$0000000A)
    __rt_lib_shutdown_stdio_1                0x08000223   Thumb Code     0  libshutdown2.o(.ARM.Collect$$libshutdown$$00000004)
    __rt_lib_shutdown_user_alloc_1           0x08000223   Thumb Code     0  libshutdown2.o(.ARM.Collect$$libshutdown$$0000000C)
    __rt_entry                               0x08000225   Thumb Code     0  __rtentry.o(.ARM.Collect$$rtentry$$00000000)
    __rt_entry_presh_1                       0x08000225   Thumb Code     0  __rtentry2.o(.ARM.Collect$$rtentry$$00000002)
    __rt_entry_sh                            0x08000225   Thumb Code     0  __rtentry4.o(.ARM.Collect$$rtentry$$00000004)
    __rt_entry_li                            0x0800022b   Thumb Code     0  __rtentry2.o(.ARM.Collect$$rtentry$$0000000A)
    __rt_entry_postsh_1                      0x0800022b   Thumb Code     0  __rtentry2.o(.ARM.Collect$$rtentry$$00000009)
    __rt_entry_main                          0x0800022f   Thumb Code     0  __rtentry2.o(.ARM.Collect$$rtentry$$0000000D)
    __rt_entry_postli_1                      0x0800022f   Thumb Code     0  __rtentry2.o(.ARM.Collect$$rtentry$$0000000C)
    __rt_exit                                0x08000237   Thumb Code     0  rtexit.o(.ARM.Collect$$rtexit$$00000000)
    __rt_exit_ls                             0x08000239   Thumb Code     0  rtexit2.o(.ARM.Collect$$rtexit$$00000003)
    __rt_exit_prels_1                        0x08000239   Thumb Code     0  rtexit2.o(.ARM.Collect$$rtexit$$00000002)
    __rt_exit_exit                           0x0800023d   Thumb Code     0  rtexit2.o(.ARM.Collect$$rtexit$$00000004)
    Reset_Handler                            0x08000245   Thumb Code     8  startup_stm32f10x_md.o(.text)
    NMI_Handler                              0x0800024d   Thumb Code     2  startup_stm32f10x_md.o(.text)
    HardFault_Handler                        0x0800024f   Thumb Code     2  startup_stm32f10x_md.o(.text)
    MemManage_Handler                        0x08000251   Thumb Code     2  startup_stm32f10x_md.o(.text)
    BusFault_Handler                         0x08000253   Thumb Code     2  startup_stm32f10x_md.o(.text)
    UsageFault_Handler                       0x08000255   Thumb Code     2  startup_stm32f10x_md.o(.text)
    SVC_Handler                              0x08000257   Thumb Code     2  startup_stm32f10x_md.o(.text)
    DebugMon_Handler                         0x08000259   Thumb Code     2  startup_stm32f10x_md.o(.text)
    PendSV_Handler                           0x0800025b   Thumb Code     2  startup_stm32f10x_md.o(.text)
    SysTick_Handler                          0x0800025d   Thumb Code     2  startup_stm32f10x_md.o(.text)
    ADC1_2_IRQHandler                        0x0800025f   Thumb Code     0  startup_stm32f10x_md.o(.text)
    CAN1_RX1_IRQHandler                      0x0800025f   Thumb Code     0  startup_stm32f10x_md.o(.text)
    CAN1_SCE_IRQHandler                      0x0800025f   Thumb Code     0  startup_stm32f10x_md.o(.text)
    DMA1_Channel1_IRQHandler                 0x0800025f   Thumb Code     0  startup_stm32f10x_md.o(.text)
    DMA1_Channel2_IRQHandler                 0x0800025f   Thumb Code     0  startup_stm32f10x_md.o(.text)
    DMA1_Channel3_IRQHandler                 0x0800025f   Thumb Code     0  startup_stm32f10x_md.o(.text)
    DMA1_Channel4_IRQHandler                 0x0800025f   Thumb Code     0  startup_stm32f10x_md.o(.text)
    DMA1_Channel5_IRQHandler                 0x0800025f   Thumb Code     0  startup_stm32f10x_md.o(.text)
    DMA1_Channel6_IRQHandler                 0x0800025f   Thumb Code     0  startup_stm32f10x_md.o(.text)
    DMA1_Channel7_IRQHandler                 0x0800025f   Thumb Code     0  startup_stm32f10x_md.o(.text)
    EXTI0_IRQHandler                         0x0800025f   Thumb Code     0  startup_stm32f10x_md.o(.text)
    EXTI15_10_IRQHandler                     0x0800025f   Thumb Code     0  startup_stm32f10x_md.o(.text)
    EXTI1_IRQHandler                         0x0800025f   Thumb Code     0  startup_stm32f10x_md.o(.text)
    EXTI2_IRQHandler                         0x0800025f   Thumb Code     0  startup_stm32f10x_md.o(.text)
    EXTI3_IRQHandler                         0x0800025f   Thumb Code     0  startup_stm32f10x_md.o(.text)
    EXTI4_IRQHandler                         0x0800025f   Thumb Code     0  startup_stm32f10x_md.o(.text)
    EXTI9_5_IRQHandler                       0x0800025f   Thumb Code     0  startup_stm32f10x_md.o(.text)
    FLASH_IRQHandler                         0x0800025f   Thumb Code     0  startup_stm32f10x_md.o(.text)
    I2C1_ER_IRQHandler                       0x0800025f   Thumb Code     0  startup_stm32f10x_md.o(.text)
    I2C1_EV_IRQHandler                       0x0800025f   Thumb Code     0  startup_stm32f10x_md.o(.text)
    I2C2_ER_IRQHandler                       0x0800025f   Thumb Code     0  startup_stm32f10x_md.o(.text)
    I2C2_EV_IRQHandler                       0x0800025f   Thumb Code     0  startup_stm32f10x_md.o(.text)
    PVD_IRQHandler                           0x0800025f   Thumb Code     0  startup_stm32f10x_md.o(.text)
    RCC_IRQHandler                           0x0800025f   Thumb Code     0  startup_stm32f10x_md.o(.text)
    RTCAlarm_IRQHandler                      0x0800025f   Thumb Code     0  startup_stm32f10x_md.o(.text)
    RTC_IRQHandler                           0x0800025f   Thumb Code     0  startup_stm32f10x_md.o(.text)
    SPI1_IRQHandler                          0x0800025f   Thumb Code     0  startup_stm32f10x_md.o(.text)
    SPI2_IRQHandler                          0x0800025f   Thumb Code     0  startup_stm32f10x_md.o(.text)
    TAMPER_IRQHandler                        0x0800025f   Thumb Code     0  startup_stm32f10x_md.o(.text)
    TIM1_BRK_IRQHandler                      0x0800025f   Thumb Code     0  startup_stm32f10x_md.o(.text)
    TIM1_CC_IRQHandler                       0x0800025f   Thumb Code     0  startup_stm32f10x_md.o(.text)
    TIM1_TRG_COM_IRQHandler                  0x0800025f   Thumb Code     0  startup_stm32f10x_md.o(.text)
    TIM1_UP_IRQHandler                       0x0800025f   Thumb Code     0  startup_stm32f10x_md.o(.text)
    TIM4_IRQHandler                          0x0800025f   Thumb Code     0  startup_stm32f10x_md.o(.text)
    USART2_IRQHandler                        0x0800025f   Thumb Code     0  startup_stm32f10x_md.o(.text)
    USART3_IRQHandler                        0x0800025f   Thumb Code     0  startup_stm32f10x_md.o(.text)
    USBWakeUp_IRQHandler                     0x0800025f   Thumb Code     0  startup_stm32f10x_md.o(.text)
    USB_HP_CAN1_TX_IRQHandler                0x0800025f   Thumb Code     0  startup_stm32f10x_md.o(.text)
    USB_LP_CAN1_RX0_IRQHandler               0x0800025f   Thumb Code     0  startup_stm32f10x_md.o(.text)
    WWDG_IRQHandler                          0x0800025f   Thumb Code     0  startup_stm32f10x_md.o(.text)
    __user_initial_stackheap                 0x08000261   Thumb Code     0  startup_stm32f10x_md.o(.text)
    sprintf                                  0x08000285   Thumb Code    38  sprintf.o(.text)
    __use_two_region_memory                  0x080002b1   Thumb Code     2  heapauxi.o(.text)
    __rt_heap_escrow$2region                 0x080002b3   Thumb Code     2  heapauxi.o(.text)
    __rt_heap_expand$2region                 0x080002b5   Thumb Code     2  heapauxi.o(.text)
    _printf_pre_padding                      0x080002b7   Thumb Code    44  _printf_pad.o(.text)
    _printf_post_padding                     0x080002e3   Thumb Code    34  _printf_pad.o(.text)
    _printf_truncate_signed                  0x08000305   Thumb Code    18  _printf_truncate.o(.text)
    _printf_truncate_unsigned                0x08000317   Thumb Code    18  _printf_truncate.o(.text)
    _printf_str                              0x08000329   Thumb Code    82  _printf_str.o(.text)
    _printf_int_dec                          0x0800037d   Thumb Code   104  _printf_dec.o(.text)
    _printf_charcount                        0x080003f5   Thumb Code    40  _printf_charcount.o(.text)
    _printf_char_common                      0x08000427   Thumb Code    32  _printf_char_common.o(.text)
    _sputc                                   0x0800044d   Thumb Code    10  _sputc.o(.text)
    _printf_wctomb                           0x08000459   Thumb Code   182  _printf_wctomb.o(.text)
    _printf_longlong_dec                     0x08000515   Thumb Code   108  _printf_longlong_dec.o(.text)
    _printf_longlong_oct                     0x08000591   Thumb Code    68  _printf_oct_int_ll.o(.text)
    _printf_int_oct                          0x080005d5   Thumb Code    24  _printf_oct_int_ll.o(.text)
    _printf_ll_oct                           0x080005ed   Thumb Code    12  _printf_oct_int_ll.o(.text)
    _printf_longlong_hex                     0x08000601   Thumb Code    86  _printf_hex_int_ll_ptr.o(.text)
    _printf_int_hex                          0x08000657   Thumb Code    28  _printf_hex_int_ll_ptr.o(.text)
    _printf_ll_hex                           0x08000673   Thumb Code    12  _printf_hex_int_ll_ptr.o(.text)
    _printf_hex_ptr                          0x0800067f   Thumb Code    18  _printf_hex_int_ll_ptr.o(.text)
    __printf                                 0x08000695   Thumb Code   388  __printf_flags_ss_wp.o(.text)
    _ll_udiv10                               0x0800081d   Thumb Code   138  lludiv10.o(.text)
    _printf_int_common                       0x080008a7   Thumb Code   178  _printf_intcommon.o(.text)
    _printf_fp_dec_real                      0x08000b09   Thumb Code   620  _printf_fp_dec.o(.text)
    _printf_fp_hex_real                      0x08000d75   Thumb Code   756  _printf_fp_hex.o(.text)
    _printf_cs_common                        0x08001071   Thumb Code    20  _printf_char.o(.text)
    _printf_char                             0x08001085   Thumb Code    16  _printf_char.o(.text)
    _printf_string                           0x08001095   Thumb Code     8  _printf_char.o(.text)
    _printf_lcs_common                       0x0800109d   Thumb Code    20  _printf_wchar.o(.text)
    _printf_wchar                            0x080010b1   Thumb Code    16  _printf_wchar.o(.text)
    _printf_wstring                          0x080010c1   Thumb Code     8  _printf_wchar.o(.text)
    _c16rtomb                                0x080010c9   Thumb Code    72  _c16rtomb.o(.text)
    _wcrtomb                                 0x080010c9   Thumb Code     0  _c16rtomb.o(.text)
    __user_setup_stackheap                   0x08001111   Thumb Code    74  sys_stackheap_outer.o(.text)
    __rt_ctype_table                         0x0800115d   Thumb Code    16  rt_ctype_table.o(.text)
    __rt_locale                              0x0800116d   Thumb Code     8  rt_locale_intlibspace.o(.text)
    _printf_fp_infnan                        0x08001175   Thumb Code   112  _printf_fp_infnan.o(.text)
    _btod_etento                             0x080011f5   Thumb Code   224  bigflt0.o(.text)
    exit                                     0x080012d9   Thumb Code    18  exit.o(.text)
    __user_libspace                          0x080012ed   Thumb Code     8  libspace.o(.text)
    __user_perproc_libspace                  0x080012ed   Thumb Code     0  libspace.o(.text)
    __user_perthread_libspace                0x080012ed   Thumb Code     0  libspace.o(.text)
    strcmp                                   0x080012f5   Thumb Code   128  strcmpv7m.o(.text)
    _sys_exit                                0x08001375   Thumb Code     8  sys_exit.o(.text)
    __I$use$semihosting                      0x08001381   Thumb Code     0  use_no_semi.o(.text)
    __use_no_semihosting_swi                 0x08001381   Thumb Code     2  use_no_semi.o(.text)
    __semihosting_library_function           0x08001383   Thumb Code     0  indicate_semi.o(.text)
    RCC_GetAbp1Clk                           0x0800140d   Thumb Code    50  rcc.o(.text.RCC_GetAbp1Clk)
    RCC_GetAbp2Clk                           0x08001441   Thumb Code    50  rcc.o(.text.RCC_GetAbp2Clk)
    RCC_GetHClk                              0x08001475   Thumb Code    42  rcc.o(.text.RCC_GetHClk)
    RCC_GetSysClk                            0x080014a1   Thumb Code   242  rcc.o(.text.RCC_GetSysClk)
    SystemInit                               0x080016c1   Thumb Code   102  system_stm32f10x.o(.text.SystemInit)
    TIM1_PWMOC                               0x08001729   Thumb Code    32  main.o(.text.TIM1_PWMOC)
    TIM1_PinConfig                           0x08001749   Thumb Code    36  main.o(.text.TIM1_PinConfig)
    TIM2_IRQHandler                          0x0800176d   Thumb Code   776  main.o(.text.TIM2_IRQHandler)
    TIM2_PWMIC                               0x08001a75   Thumb Code    36  main.o(.text.TIM2_PWMIC)
    TIM2_PinConfig                           0x08001a99   Thumb Code    36  main.o(.text.TIM2_PinConfig)
    TIM3_IRQHandler                          0x08001abd   Thumb Code   794  main.o(.text.TIM3_IRQHandler)
    TIM3_PWMIC                               0x08001dd9   Thumb Code    40  main.o(.text.TIM3_PWMIC)
    TIM3_PinConfig                           0x08001e01   Thumb Code    36  main.o(.text.TIM3_PinConfig)
    TIM4_PWMOC                               0x08001e25   Thumb Code    32  main.o(.text.TIM4_PWMOC)
    TIM4_PinConfig                           0x08001e45   Thumb Code    36  main.o(.text.TIM4_PinConfig)
    TIM_Init                                 0x08001e69   Thumb Code   240  tim.o(.text.TIM_Init)
    TIM_OC1_PWMM1_Init                       0x08001f59   Thumb Code   160  tim.o(.text.TIM_OC1_PWMM1_Init)
    TIM_PWMICMInit                           0x08001ff9   Thumb Code   164  tim.o(.text.TIM_PWMICMInit)
    TIM_ResetCNT                             0x0800209d   Thumb Code    24  tim.o(.text.TIM_ResetCNT)
    USART1_Config                            0x080020b5   Thumb Code   110  main.o(.text.USART1_Config)
    USART1_IRQHandler                        0x08002125   Thumb Code    98  main.o(.text.USART1_IRQHandler)
    USART_Init                               0x08002189   Thumb Code   276  usart.o(.text.USART_Init)
    USART_send                               0x0800229d   Thumb Code    36  usart.o(.text.USART_send)
    USART_str                                0x080022c1   Thumb Code    50  usart.o(.text.USART_str)
    main                                     0x080023a1   Thumb Code   290  main.o(.text.main)
    _btod_d2e                                0x080024c3   Thumb Code    62  btod.o(CL$$btod_d2e)
    _d2e_denorm_low                          0x08002501   Thumb Code    70  btod.o(CL$$btod_d2e_denorm_low)
    _d2e_norm_op1                            0x08002547   Thumb Code    96  btod.o(CL$$btod_d2e_norm_op1)
    __btod_div_common                        0x080025a9   Thumb Code   696  btod.o(CL$$btod_div_common)
    _e2e                                     0x080028e1   Thumb Code   220  btod.o(CL$$btod_e2e)
    _btod_ediv                               0x080029bd   Thumb Code    42  btod.o(CL$$btod_ediv)
    _btod_emul                               0x080029e7   Thumb Code    42  btod.o(CL$$btod_emul)
    __btod_mult_common                       0x08002a11   Thumb Code   580  btod.o(CL$$btod_mult_common)
    __ARM_fpclassify                         0x08002c55   Thumb Code    40  fpclassify.o(i.__ARM_fpclassify)
    _is_digit                                0x08002c7d   Thumb Code    14  __printf_wp.o(i._is_digit)
    _get_lc_numeric                          0x08002c8d   Thumb Code    44  lc_numeric_c.o(locale$$code)
    _get_lc_ctype                            0x08002cb9   Thumb Code    44  lc_ctype_c.o(locale$$code)
    __aeabi_dadd                             0x08002ce5   Thumb Code     0  daddsub_clz.o(x$fpl$dadd)
    _dadd                                    0x08002ce5   Thumb Code   332  daddsub_clz.o(x$fpl$dadd)
    __aeabi_ddiv                             0x08002e35   Thumb Code     0  ddiv.o(x$fpl$ddiv)
    _ddiv                                    0x08002e35   Thumb Code   560  ddiv.o(x$fpl$ddiv)
    __aeabi_d2uiz                            0x080030ed   Thumb Code     0  dfixu.o(x$fpl$dfixu)
    _dfixu                                   0x080030ed   Thumb Code    90  dfixu.o(x$fpl$dfixu)
    __aeabi_ui2d                             0x08003147   Thumb Code     0  dflt_clz.o(x$fpl$dfltu)
    _dfltu                                   0x08003147   Thumb Code    38  dflt_clz.o(x$fpl$dfltu)
    __aeabi_dmul                             0x0800316d   Thumb Code     0  dmul.o(x$fpl$dmul)
    _dmul                                    0x0800316d   Thumb Code   332  dmul.o(x$fpl$dmul)
    __fpl_dnaninf                            0x080032c1   Thumb Code   156  dnaninf.o(x$fpl$dnaninf)
    __fpl_dretinf                            0x0800335d   Thumb Code    12  dretinf.o(x$fpl$dretinf)
    __aeabi_dsub                             0x08003369   Thumb Code     0  daddsub_clz.o(x$fpl$dsub)
    _dsub                                    0x08003369   Thumb Code   472  daddsub_clz.o(x$fpl$dsub)
    __aeabi_f2d                              0x08003545   Thumb Code     0  f2d.o(x$fpl$f2d)
    _f2d                                     0x08003545   Thumb Code    86  f2d.o(x$fpl$f2d)
    __aeabi_fadd                             0x0800359d   Thumb Code     0  faddsub_clz.o(x$fpl$fadd)
    _fadd                                    0x0800359d   Thumb Code   196  faddsub_clz.o(x$fpl$fadd)
    __aeabi_fcmpeq                           0x08003661   Thumb Code     0  fcmp.o(x$fpl$fcmp)
    _feq                                     0x08003661   Thumb Code    14  fcmp.o(x$fpl$fcmp)
    _fneq                                    0x0800366f   Thumb Code    14  fcmp.o(x$fpl$fcmp)
    __aeabi_fcmpgt                           0x0800367d   Thumb Code     0  fcmp.o(x$fpl$fcmp)
    _fgr                                     0x0800367d   Thumb Code    14  fcmp.o(x$fpl$fcmp)
    __aeabi_fcmpge                           0x0800368b   Thumb Code     0  fcmp.o(x$fpl$fcmp)
    _fgeq                                    0x0800368b   Thumb Code    14  fcmp.o(x$fpl$fcmp)
    __aeabi_fcmple                           0x08003699   Thumb Code     0  fcmp.o(x$fpl$fcmp)
    _fleq                                    0x08003699   Thumb Code    14  fcmp.o(x$fpl$fcmp)
    __aeabi_fcmplt                           0x080036a7   Thumb Code     0  fcmp.o(x$fpl$fcmp)
    _fls                                     0x080036a7   Thumb Code    14  fcmp.o(x$fpl$fcmp)
    __fpl_fcmp_Inf                           0x080036b5   Thumb Code    24  fcmpi.o(x$fpl$fcmpinf)
    __aeabi_fdiv                             0x080036cd   Thumb Code     0  fdiv.o(x$fpl$fdiv)
    _fdiv                                    0x080036cd   Thumb Code   384  fdiv.o(x$fpl$fdiv)
    __aeabi_cfcmpeq                          0x08003851   Thumb Code     0  feqf.o(x$fpl$feqf)
    _fcmpeq                                  0x08003851   Thumb Code   104  feqf.o(x$fpl$feqf)
    __aeabi_f2iz                             0x080038b9   Thumb Code     0  ffix.o(x$fpl$ffix)
    _ffix                                    0x080038b9   Thumb Code    54  ffix.o(x$fpl$ffix)
    __aeabi_f2uiz                            0x080038f1   Thumb Code     0  ffixu.o(x$fpl$ffixu)
    _ffixu                                   0x080038f1   Thumb Code    62  ffixu.o(x$fpl$ffixu)
    __aeabi_i2f                              0x08003931   Thumb Code     0  fflt_clz.o(x$fpl$fflt)
    _fflt                                    0x08003931   Thumb Code    48  fflt_clz.o(x$fpl$fflt)
    __aeabi_ui2f                             0x08003961   Thumb Code     0  fflt_clz.o(x$fpl$ffltu)
    _ffltu                                   0x08003961   Thumb Code    38  fflt_clz.o(x$fpl$ffltu)
    _fcmpge                                  0x08003989   Thumb Code   104  fgeqf.o(x$fpl$fgeqf)
    __aeabi_cfcmple                          0x080039f1   Thumb Code     0  fleqf.o(x$fpl$fleqf)
    _fcmple                                  0x080039f1   Thumb Code   104  fleqf.o(x$fpl$fleqf)
    __fpl_fcmple_InfNaN                      0x08003a43   Thumb Code     0  fleqf.o(x$fpl$fleqf)
    __aeabi_fmul                             0x08003a59   Thumb Code     0  fmul.o(x$fpl$fmul)
    _fmul                                    0x08003a59   Thumb Code   258  fmul.o(x$fpl$fmul)
    __fpl_fnaninf                            0x08003b5b   Thumb Code   140  fnaninf.o(x$fpl$fnaninf)
    __fpl_fretinf                            0x08003be7   Thumb Code    10  fretinf.o(x$fpl$fretinf)
    __aeabi_fsub                             0x08003bf1   Thumb Code     0  faddsub_clz.o(x$fpl$fsub)
    _fsub                                    0x08003bf1   Thumb Code   234  faddsub_clz.o(x$fpl$fsub)
    _printf_fp_dec                           0x08003cdb   Thumb Code     4  printf1.o(x$fpl$printf1)
    _printf_fp_hex                           0x08003cdf   Thumb Code     4  printf2.o(x$fpl$printf2)
    __I$use$fp                               0x08003ce2   Number         0  usenofp.o(x$fpl$usenofp)
    Region$$Table$$Base                      0x08003e38   Number         0  anon$$obj.o(Region$$Table)
    Region$$Table$$Limit                     0x08003e48   Number         0  anon$$obj.o(Region$$Table)
    __ctype                                  0x08003e71   Data           0  lc_ctype_c.o(locale$$data)
    __libspace_start                         0x20000000   Data          96  libspace.o(.bss)
    __temporary_stack_top$libspace           0x20000060   Data           0  libspace.o(.bss)
    Timer2Channel                            0x20000068   Data          20  main.o(.bss.Timer2Channel)
    Timer3Channel                            0x2000007c   Data          20  main.o(.bss.Timer3Channel)
    old_duty_ch1                             0x20000090   Data           4  main.o(.bss.old_duty_ch1)
    old_duty_ch2                             0x20000094   Data           4  main.o(.bss.old_duty_ch2)
    old_freq_ch1                             0x20000098   Data           4  main.o(.bss.old_freq_ch1)
    old_freq_ch2                             0x2000009c   Data           4  main.o(.bss.old_freq_ch2)
    sendFreqDutyOnce                         0x200000a0   Data           1  main.o(.bss.sendFreqDutyOnce)
    stringSent_ch1                           0x200000a4   Data           4  main.o(.bss.stringSent_ch1)
    stringSent_ch2                           0x200000a8   Data           4  main.o(.bss.stringSent_ch2)
    update_ch1                               0x200000ac   Data           4  main.o(.bss.update_ch1)
    update_ch2                               0x200000b0   Data           4  main.o(.bss.update_ch2)



==============================================================================

Memory Map of the image

  Image Entry point : 0x08000245

  Load Region LR_1 (Base: 0x08000000, Size: 0x00003f74, Max: 0xffffffff, ABSOLUTE)

    Execution Region ER_RO (Exec base: 0x08000000, Load base: 0x08000000, Size: 0x00003f74, Max: 0xffffffff, ABSOLUTE)

    Exec Addr    Load Addr    Size         Type   Attr      Idx    E Section Name        Object

    0x08000000   0x08000000   0x000000ec   Data   RO          143    RESET               startup_stm32f10x_md.o
    0x080000ec   0x080000ec   0x00000008   Code   RO          173  * !!!main             c_w.l(__main.o)
    0x080000f4   0x080000f4   0x0000005c   Code   RO          578    !!!scatter          c_w.l(__scatter.o)
    0x08000150   0x08000150   0x00000002   Code   RO          579    !!handler_null      c_w.l(__scatter.o)
    0x08000152   0x08000152   0x00000002   PAD
    0x08000154   0x08000154   0x0000001c   Code   RO          582    !!handler_zi        c_w.l(__scatter_zi.o)
    0x08000170   0x08000170   0x00000000   Code   RO          309    .ARM.Collect$$_printf_percent$$00000000  c_w.l(_printf_percent.o)
    0x08000170   0x08000170   0x00000006   Code   RO          298    .ARM.Collect$$_printf_percent$$00000001  c_w.l(_printf_n.o)
    0x08000176   0x08000176   0x00000006   Code   RO          300    .ARM.Collect$$_printf_percent$$00000002  c_w.l(_printf_p.o)
    0x0800017c   0x0800017c   0x00000006   Code   RO          305    .ARM.Collect$$_printf_percent$$00000003  c_w.l(_printf_f.o)
    0x08000182   0x08000182   0x00000006   Code   RO          306    .ARM.Collect$$_printf_percent$$00000004  c_w.l(_printf_e.o)
    0x08000188   0x08000188   0x00000006   Code   RO          307    .ARM.Collect$$_printf_percent$$00000005  c_w.l(_printf_g.o)
    0x0800018e   0x0800018e   0x00000006   Code   RO          308    .ARM.Collect$$_printf_percent$$00000006  c_w.l(_printf_a.o)
    0x08000194   0x08000194   0x0000000a   Code   RO          313    .ARM.Collect$$_printf_percent$$00000007  c_w.l(_printf_ll.o)
    0x0800019e   0x0800019e   0x00000006   Code   RO          302    .ARM.Collect$$_printf_percent$$00000008  c_w.l(_printf_i.o)
    0x080001a4   0x080001a4   0x00000006   Code   RO          303    .ARM.Collect$$_printf_percent$$00000009  c_w.l(_printf_d.o)
    0x080001aa   0x080001aa   0x00000006   Code   RO          304    .ARM.Collect$$_printf_percent$$0000000A  c_w.l(_printf_u.o)
    0x080001b0   0x080001b0   0x00000006   Code   RO          301    .ARM.Collect$$_printf_percent$$0000000B  c_w.l(_printf_o.o)
    0x080001b6   0x080001b6   0x00000006   Code   RO          299    .ARM.Collect$$_printf_percent$$0000000C  c_w.l(_printf_x.o)
    0x080001bc   0x080001bc   0x00000006   Code   RO          310    .ARM.Collect$$_printf_percent$$0000000D  c_w.l(_printf_lli.o)
    0x080001c2   0x080001c2   0x00000006   Code   RO          311    .ARM.Collect$$_printf_percent$$0000000E  c_w.l(_printf_lld.o)
    0x080001c8   0x080001c8   0x00000006   Code   RO          312    .ARM.Collect$$_printf_percent$$0000000F  c_w.l(_printf_llu.o)
    0x080001ce   0x080001ce   0x00000006   Code   RO          317    .ARM.Collect$$_printf_percent$$00000010  c_w.l(_printf_llo.o)
    0x080001d4   0x080001d4   0x00000006   Code   RO          318    .ARM.Collect$$_printf_percent$$00000011  c_w.l(_printf_llx.o)
    0x080001da   0x080001da   0x0000000a   Code   RO          314    .ARM.Collect$$_printf_percent$$00000012  c_w.l(_printf_l.o)
    0x080001e4   0x080001e4   0x00000006   Code   RO          296    .ARM.Collect$$_printf_percent$$00000013  c_w.l(_printf_c.o)
    0x080001ea   0x080001ea   0x00000006   Code   RO          297    .ARM.Collect$$_printf_percent$$00000014  c_w.l(_printf_s.o)
    0x080001f0   0x080001f0   0x00000006   Code   RO          315    .ARM.Collect$$_printf_percent$$00000015  c_w.l(_printf_lc.o)
    0x080001f6   0x080001f6   0x00000006   Code   RO          316    .ARM.Collect$$_printf_percent$$00000016  c_w.l(_printf_ls.o)
    0x080001fc   0x080001fc   0x00000004   Code   RO          374    .ARM.Collect$$_printf_percent$$00000017  c_w.l(_printf_percent_end.o)
    0x08000200   0x08000200   0x00000002   Code   RO          427    .ARM.Collect$$libinit$$00000000  c_w.l(libinit.o)
    0x08000202   0x08000202   0x00000000   Code   RO          445    .ARM.Collect$$libinit$$00000002  c_w.l(libinit2.o)
    0x08000202   0x08000202   0x00000000   Code   RO          447    .ARM.Collect$$libinit$$00000004  c_w.l(libinit2.o)
    0x08000202   0x08000202   0x00000000   Code   RO          449    .ARM.Collect$$libinit$$00000006  c_w.l(libinit2.o)
    0x08000202   0x08000202   0x00000000   Code   RO          452    .ARM.Collect$$libinit$$0000000C  c_w.l(libinit2.o)
    0x08000202   0x08000202   0x00000000   Code   RO          454    .ARM.Collect$$libinit$$0000000E  c_w.l(libinit2.o)
    0x08000202   0x08000202   0x00000000   Code   RO          456    .ARM.Collect$$libinit$$00000010  c_w.l(libinit2.o)
    0x08000202   0x08000202   0x00000006   Code   RO          457    .ARM.Collect$$libinit$$00000011  c_w.l(libinit2.o)
    0x08000208   0x08000208   0x00000000   Code   RO          459    .ARM.Collect$$libinit$$00000013  c_w.l(libinit2.o)
    0x08000208   0x08000208   0x0000000c   Code   RO          460    .ARM.Collect$$libinit$$00000014  c_w.l(libinit2.o)
    0x08000214   0x08000214   0x00000000   Code   RO          461    .ARM.Collect$$libinit$$00000015  c_w.l(libinit2.o)
    0x08000214   0x08000214   0x00000000   Code   RO          463    .ARM.Collect$$libinit$$00000017  c_w.l(libinit2.o)
    0x08000214   0x08000214   0x0000000a   Code   RO          464    .ARM.Collect$$libinit$$00000018  c_w.l(libinit2.o)
    0x0800021e   0x0800021e   0x00000000   Code   RO          465    .ARM.Collect$$libinit$$00000019  c_w.l(libinit2.o)
    0x0800021e   0x0800021e   0x00000000   Code   RO          467    .ARM.Collect$$libinit$$0000001B  c_w.l(libinit2.o)
    0x0800021e   0x0800021e   0x00000000   Code   RO          469    .ARM.Collect$$libinit$$0000001D  c_w.l(libinit2.o)
    0x0800021e   0x0800021e   0x00000000   Code   RO          471    .ARM.Collect$$libinit$$0000001F  c_w.l(libinit2.o)
    0x0800021e   0x0800021e   0x00000000   Code   RO          473    .ARM.Collect$$libinit$$00000021  c_w.l(libinit2.o)
    0x0800021e   0x0800021e   0x00000000   Code   RO          475    .ARM.Collect$$libinit$$00000023  c_w.l(libinit2.o)
    0x0800021e   0x0800021e   0x00000000   Code   RO          477    .ARM.Collect$$libinit$$00000025  c_w.l(libinit2.o)
    0x0800021e   0x0800021e   0x00000000   Code   RO          479    .ARM.Collect$$libinit$$00000027  c_w.l(libinit2.o)
    0x0800021e   0x0800021e   0x00000000   Code   RO          483    .ARM.Collect$$libinit$$0000002E  c_w.l(libinit2.o)
    0x0800021e   0x0800021e   0x00000000   Code   RO          485    .ARM.Collect$$libinit$$00000030  c_w.l(libinit2.o)
    0x0800021e   0x0800021e   0x00000000   Code   RO          487    .ARM.Collect$$libinit$$00000032  c_w.l(libinit2.o)
    0x0800021e   0x0800021e   0x00000000   Code   RO          489    .ARM.Collect$$libinit$$00000034  c_w.l(libinit2.o)
    0x0800021e   0x0800021e   0x00000002   Code   RO          490    .ARM.Collect$$libinit$$00000035  c_w.l(libinit2.o)
    0x08000220   0x08000220   0x00000002   Code   RO          514    .ARM.Collect$$libshutdown$$00000000  c_w.l(libshutdown.o)
    0x08000222   0x08000222   0x00000000   Code   RO          529    .ARM.Collect$$libshutdown$$00000002  c_w.l(libshutdown2.o)
    0x08000222   0x08000222   0x00000000   Code   RO          531    .ARM.Collect$$libshutdown$$00000004  c_w.l(libshutdown2.o)
    0x08000222   0x08000222   0x00000000   Code   RO          534    .ARM.Collect$$libshutdown$$00000007  c_w.l(libshutdown2.o)
    0x08000222   0x08000222   0x00000000   Code   RO          537    .ARM.Collect$$libshutdown$$0000000A  c_w.l(libshutdown2.o)
    0x08000222   0x08000222   0x00000000   Code   RO          539    .ARM.Collect$$libshutdown$$0000000C  c_w.l(libshutdown2.o)
    0x08000222   0x08000222   0x00000000   Code   RO          542    .ARM.Collect$$libshutdown$$0000000F  c_w.l(libshutdown2.o)
    0x08000222   0x08000222   0x00000002   Code   RO          543    .ARM.Collect$$libshutdown$$00000010  c_w.l(libshutdown2.o)
    0x08000224   0x08000224   0x00000000   Code   RO          227    .ARM.Collect$$rtentry$$00000000  c_w.l(__rtentry.o)
    0x08000224   0x08000224   0x00000000   Code   RO          343    .ARM.Collect$$rtentry$$00000002  c_w.l(__rtentry2.o)
    0x08000224   0x08000224   0x00000006   Code   RO          355    .ARM.Collect$$rtentry$$00000004  c_w.l(__rtentry4.o)
    0x0800022a   0x0800022a   0x00000000   Code   RO          345    .ARM.Collect$$rtentry$$00000009  c_w.l(__rtentry2.o)
    0x0800022a   0x0800022a   0x00000004   Code   RO          346    .ARM.Collect$$rtentry$$0000000A  c_w.l(__rtentry2.o)
    0x0800022e   0x0800022e   0x00000000   Code   RO          348    .ARM.Collect$$rtentry$$0000000C  c_w.l(__rtentry2.o)
    0x0800022e   0x0800022e   0x00000008   Code   RO          349    .ARM.Collect$$rtentry$$0000000D  c_w.l(__rtentry2.o)
    0x08000236   0x08000236   0x00000002   Code   RO          435    .ARM.Collect$$rtexit$$00000000  c_w.l(rtexit.o)
    0x08000238   0x08000238   0x00000000   Code   RO          492    .ARM.Collect$$rtexit$$00000002  c_w.l(rtexit2.o)
    0x08000238   0x08000238   0x00000004   Code   RO          493    .ARM.Collect$$rtexit$$00000003  c_w.l(rtexit2.o)
    0x0800023c   0x0800023c   0x00000006   Code   RO          494    .ARM.Collect$$rtexit$$00000004  c_w.l(rtexit2.o)
    0x08000242   0x08000242   0x00000002   PAD
    0x08000244   0x08000244   0x00000040   Code   RO          144  * .text               startup_stm32f10x_md.o
    0x08000284   0x08000284   0x0000002c   Code   RO          169    .text               c_w.l(sprintf.o)
    0x080002b0   0x080002b0   0x00000006   Code   RO          171    .text               c_w.l(heapauxi.o)
    0x080002b6   0x080002b6   0x0000004e   Code   RO          230    .text               c_w.l(_printf_pad.o)
    0x08000304   0x08000304   0x00000024   Code   RO          232    .text               c_w.l(_printf_truncate.o)
    0x08000328   0x08000328   0x00000052   Code   RO          234    .text               c_w.l(_printf_str.o)
    0x0800037a   0x0800037a   0x00000002   PAD
    0x0800037c   0x0800037c   0x00000078   Code   RO          236    .text               c_w.l(_printf_dec.o)
    0x080003f4   0x080003f4   0x00000028   Code   RO          238    .text               c_w.l(_printf_charcount.o)
    0x0800041c   0x0800041c   0x00000030   Code   RO          240    .text               c_w.l(_printf_char_common.o)
    0x0800044c   0x0800044c   0x0000000a   Code   RO          242    .text               c_w.l(_sputc.o)
    0x08000456   0x08000456   0x00000002   PAD
    0x08000458   0x08000458   0x000000bc   Code   RO          244    .text               c_w.l(_printf_wctomb.o)
    0x08000514   0x08000514   0x0000007c   Code   RO          247    .text               c_w.l(_printf_longlong_dec.o)
    0x08000590   0x08000590   0x00000070   Code   RO          253    .text               c_w.l(_printf_oct_int_ll.o)
    0x08000600   0x08000600   0x00000094   Code   RO          273    .text               c_w.l(_printf_hex_int_ll_ptr.o)
    0x08000694   0x08000694   0x00000188   Code   RO          293    .text               c_w.l(__printf_flags_ss_wp.o)
    0x0800081c   0x0800081c   0x0000008a   Code   RO          357    .text               c_w.l(lludiv10.o)
    0x080008a6   0x080008a6   0x000000b2   Code   RO          359    .text               c_w.l(_printf_intcommon.o)
    0x08000958   0x08000958   0x0000041c   Code   RO          361    .text               c_w.l(_printf_fp_dec.o)
    0x08000d74   0x08000d74   0x000002fc   Code   RO          365    .text               c_w.l(_printf_fp_hex.o)
    0x08001070   0x08001070   0x0000002c   Code   RO          370    .text               c_w.l(_printf_char.o)
    0x0800109c   0x0800109c   0x0000002c   Code   RO          372    .text               c_w.l(_printf_wchar.o)
    0x080010c8   0x080010c8   0x00000048   Code   RO          375    .text               c_w.l(_c16rtomb.o)
    0x08001110   0x08001110   0x0000004a   Code   RO          379    .text               c_w.l(sys_stackheap_outer.o)
    0x0800115a   0x0800115a   0x00000002   PAD
    0x0800115c   0x0800115c   0x00000010   Code   RO          381    .text               c_w.l(rt_ctype_table.o)
    0x0800116c   0x0800116c   0x00000008   Code   RO          386    .text               c_w.l(rt_locale_intlibspace.o)
    0x08001174   0x08001174   0x00000080   Code   RO          388    .text               c_w.l(_printf_fp_infnan.o)
    0x080011f4   0x080011f4   0x000000e4   Code   RO          390    .text               c_w.l(bigflt0.o)
    0x080012d8   0x080012d8   0x00000012   Code   RO          420    .text               c_w.l(exit.o)
    0x080012ea   0x080012ea   0x00000002   PAD
    0x080012ec   0x080012ec   0x00000008   Code   RO          432    .text               c_w.l(libspace.o)
    0x080012f4   0x080012f4   0x00000080   Code   RO          442    .text               c_w.l(strcmpv7m.o)
    0x08001374   0x08001374   0x0000000c   Code   RO          504    .text               c_w.l(sys_exit.o)
    0x08001380   0x08001380   0x00000002   Code   RO          519    .text               c_w.l(use_no_semi.o)
    0x08001382   0x08001382   0x00000000   Code   RO          521    .text               c_w.l(indicate_semi.o)
    0x08001382   0x08001382   0x00000002   PAD
    0x08001384   0x08001384   0x00000086   Code   RO           22    .text.GPIO_SetMode  main.o
    0x0800140a   0x0800140a   0x00000002   PAD
    0x0800140c   0x0800140c   0x00000032   Code   RO          124    .text.RCC_GetAbp1Clk  rcc.o
    0x0800143e   0x0800143e   0x00000002   PAD
    0x08001440   0x08001440   0x00000032   Code   RO          126    .text.RCC_GetAbp2Clk  rcc.o
    0x08001472   0x08001472   0x00000002   PAD
    0x08001474   0x08001474   0x0000002a   Code   RO          122    .text.RCC_GetHClk   rcc.o
    0x0800149e   0x0800149e   0x00000002   PAD
    0x080014a0   0x080014a0   0x000000f2   Code   RO          120    .text.RCC_GetSysClk  rcc.o
    0x08001592   0x08001592   0x00000002   PAD
    0x08001594   0x08001594   0x00000008   Code   RO          153    .text.SetSysClock   system_stm32f10x.o
    0x0800159c   0x0800159c   0x00000122   Code   RO          157    .text.SetSysClockTo72  system_stm32f10x.o
    0x080016be   0x080016be   0x00000002   PAD
    0x080016c0   0x080016c0   0x00000066   Code   RO          151    .text.SystemInit    system_stm32f10x.o
    0x08001726   0x08001726   0x00000002   PAD
    0x08001728   0x08001728   0x00000020   Code   RO           14    .text.TIM1_PWMOC    main.o
    0x08001748   0x08001748   0x00000024   Code   RO           26    .text.TIM1_PinConfig  main.o
    0x0800176c   0x0800176c   0x00000308   Code   RO            6    .text.TIM2_IRQHandler  main.o
    0x08001a74   0x08001a74   0x00000024   Code   RO           34    .text.TIM2_PWMIC    main.o
    0x08001a98   0x08001a98   0x00000024   Code   RO           30    .text.TIM2_PinConfig  main.o
    0x08001abc   0x08001abc   0x0000031a   Code   RO            8    .text.TIM3_IRQHandler  main.o
    0x08001dd6   0x08001dd6   0x00000002   PAD
    0x08001dd8   0x08001dd8   0x00000028   Code   RO           36    .text.TIM3_PWMIC    main.o
    0x08001e00   0x08001e00   0x00000024   Code   RO           32    .text.TIM3_PinConfig  main.o
    0x08001e24   0x08001e24   0x00000020   Code   RO           16    .text.TIM4_PWMOC    main.o
    0x08001e44   0x08001e44   0x00000024   Code   RO           28    .text.TIM4_PinConfig  main.o
    0x08001e68   0x08001e68   0x000000f0   Code   RO           99    .text.TIM_Init      tim.o
    0x08001f58   0x08001f58   0x000000a0   Code   RO          105    .text.TIM_OC1_PWMM1_Init  tim.o
    0x08001ff8   0x08001ff8   0x000000a4   Code   RO          103    .text.TIM_PWMICMInit  tim.o
    0x0800209c   0x0800209c   0x00000018   Code   RO          101    .text.TIM_ResetCNT  tim.o
    0x080020b4   0x080020b4   0x0000006e   Code   RO           18    .text.USART1_Config  main.o
    0x08002122   0x08002122   0x00000002   PAD
    0x08002124   0x08002124   0x00000062   Code   RO            2    .text.USART1_IRQHandler  main.o
    0x08002186   0x08002186   0x00000002   PAD
    0x08002188   0x08002188   0x00000114   Code   RO           82    .text.USART_Init    usart.o
    0x0800229c   0x0800229c   0x00000024   Code   RO           84    .text.USART_send    usart.o
    0x080022c0   0x080022c0   0x00000032   Code   RO           86    .text.USART_str     usart.o
    0x080022f2   0x080022f2   0x00000002   PAD
    0x080022f4   0x080022f4   0x00000038   Code   RO            4    .text.__NVIC_DisableIRQ  main.o
    0x0800232c   0x0800232c   0x00000030   Code   RO           20    .text.__NVIC_EnableIRQ  main.o
    0x0800235c   0x0800235c   0x00000042   Code   RO           24    .text.__NVIC_SetPriority  main.o
    0x0800239e   0x0800239e   0x00000002   PAD
    0x080023a0   0x080023a0   0x00000122   Code   RO           12    .text.main          main.o
    0x080024c2   0x080024c2   0x0000003e   Code   RO          393    CL$$btod_d2e        c_w.l(btod.o)
    0x08002500   0x08002500   0x00000046   Code   RO          395    CL$$btod_d2e_denorm_low  c_w.l(btod.o)
    0x08002546   0x08002546   0x00000060   Code   RO          394    CL$$btod_d2e_norm_op1  c_w.l(btod.o)
    0x080025a6   0x080025a6   0x00000002   PAD
    0x080025a8   0x080025a8   0x00000338   Code   RO          403    CL$$btod_div_common  c_w.l(btod.o)
    0x080028e0   0x080028e0   0x000000dc   Code   RO          400    CL$$btod_e2e        c_w.l(btod.o)
    0x080029bc   0x080029bc   0x0000002a   Code   RO          397    CL$$btod_ediv       c_w.l(btod.o)
    0x080029e6   0x080029e6   0x0000002a   Code   RO          396    CL$$btod_emul       c_w.l(btod.o)
    0x08002a10   0x08002a10   0x00000244   Code   RO          402    CL$$btod_mult_common  c_w.l(btod.o)
    0x08002c54   0x08002c54   0x00000028   Code   RO          430    i.__ARM_fpclassify  m_ws.l(fpclassify.o)
    0x08002c7c   0x08002c7c   0x0000000e   Code   RO          286    i._is_digit         c_w.l(__printf_wp.o)
    0x08002c8a   0x08002c8a   0x00000002   PAD
    0x08002c8c   0x08002c8c   0x0000002c   Code   RO          418    locale$$code        c_w.l(lc_numeric_c.o)
    0x08002cb8   0x08002cb8   0x0000002c   Code   RO          440    locale$$code        c_w.l(lc_ctype_c.o)
    0x08002ce4   0x08002ce4   0x00000150   Code   RO          175    x$fpl$dadd          fz_ws.l(daddsub_clz.o)
    0x08002e34   0x08002e34   0x000002b8   Code   RO          182    x$fpl$ddiv          fz_ws.l(ddiv.o)
    0x080030ec   0x080030ec   0x0000005a   Code   RO          185    x$fpl$dfixu         fz_ws.l(dfixu.o)
    0x08003146   0x08003146   0x00000026   Code   RO          189    x$fpl$dfltu         fz_ws.l(dflt_clz.o)
    0x0800316c   0x0800316c   0x00000154   Code   RO          195    x$fpl$dmul          fz_ws.l(dmul.o)
    0x080032c0   0x080032c0   0x0000009c   Code   RO          319    x$fpl$dnaninf       fz_ws.l(dnaninf.o)
    0x0800335c   0x0800335c   0x0000000c   Code   RO          321    x$fpl$dretinf       fz_ws.l(dretinf.o)
    0x08003368   0x08003368   0x000001dc   Code   RO          177    x$fpl$dsub          fz_ws.l(daddsub_clz.o)
    0x08003544   0x08003544   0x00000056   Code   RO          197    x$fpl$f2d           fz_ws.l(f2d.o)
    0x0800359a   0x0800359a   0x00000002   PAD
    0x0800359c   0x0800359c   0x000000c4   Code   RO          199    x$fpl$fadd          fz_ws.l(faddsub_clz.o)
    0x08003660   0x08003660   0x00000054   Code   RO          205    x$fpl$fcmp          fz_ws.l(fcmp.o)
    0x080036b4   0x080036b4   0x00000018   Code   RO          377    x$fpl$fcmpinf       fz_ws.l(fcmpi.o)
    0x080036cc   0x080036cc   0x00000184   Code   RO          208    x$fpl$fdiv          fz_ws.l(fdiv.o)
    0x08003850   0x08003850   0x00000068   Code   RO          323    x$fpl$feqf          fz_ws.l(feqf.o)
    0x080038b8   0x080038b8   0x00000036   Code   RO          211    x$fpl$ffix          fz_ws.l(ffix.o)
    0x080038ee   0x080038ee   0x00000002   PAD
    0x080038f0   0x080038f0   0x0000003e   Code   RO          215    x$fpl$ffixu         fz_ws.l(ffixu.o)
    0x0800392e   0x0800392e   0x00000002   PAD
    0x08003930   0x08003930   0x00000030   Code   RO          220    x$fpl$fflt          fz_ws.l(fflt_clz.o)
    0x08003960   0x08003960   0x00000026   Code   RO          219    x$fpl$ffltu         fz_ws.l(fflt_clz.o)
    0x08003986   0x08003986   0x00000002   PAD
    0x08003988   0x08003988   0x00000068   Code   RO          325    x$fpl$fgeqf         fz_ws.l(fgeqf.o)
    0x080039f0   0x080039f0   0x00000068   Code   RO          327    x$fpl$fleqf         fz_ws.l(fleqf.o)
    0x08003a58   0x08003a58   0x00000102   Code   RO          225    x$fpl$fmul          fz_ws.l(fmul.o)
    0x08003b5a   0x08003b5a   0x0000008c   Code   RO          329    x$fpl$fnaninf       fz_ws.l(fnaninf.o)
    0x08003be6   0x08003be6   0x0000000a   Code   RO          331    x$fpl$fretinf       fz_ws.l(fretinf.o)
    0x08003bf0   0x08003bf0   0x000000ea   Code   RO          201    x$fpl$fsub          fz_ws.l(faddsub_clz.o)
    0x08003cda   0x08003cda   0x00000004   Code   RO          333    x$fpl$printf1       fz_ws.l(printf1.o)
    0x08003cde   0x08003cde   0x00000004   Code   RO          335    x$fpl$printf2       fz_ws.l(printf2.o)
    0x08003ce2   0x08003ce2   0x00000000   Code   RO          341    x$fpl$usenofp       fz_ws.l(usenofp.o)
    0x08003ce2   0x08003ce2   0x00000002   PAD
    0x08003ce4   0x08003ce4   0x00000008   Data   RO          245    .constdata          c_w.l(_printf_wctomb.o)
    0x08003cec   0x08003cec   0x00000028   Data   RO          274    .constdata          c_w.l(_printf_hex_int_ll_ptr.o)
    0x08003d14   0x08003d14   0x00000011   Data   RO          294    .constdata          c_w.l(__printf_flags_ss_wp.o)
    0x08003d25   0x08003d25   0x00000026   Data   RO          366    .constdata          c_w.l(_printf_fp_hex.o)
    0x08003d4b   0x08003d4b   0x00000001   PAD
    0x08003d4c   0x08003d4c   0x00000094   Data   RO          391    .constdata          c_w.l(bigflt0.o)
    0x08003de0   0x08003de0   0x00000020   Data   RO          129    .rodata.AHBpreFactorTable  rcc.o
    0x08003e00   0x08003e00   0x00000008   Data   RO          130    .rodata.APBpreFactorTable  rcc.o
    0x08003e08   0x08003e08   0x00000010   Data   RO          128    .rodata.RCC_GetSysClk.PLLMULFactorTable  rcc.o
    0x08003e18   0x08003e18   0x0000001e   Data   RO           71    .rodata.str1.1      main.o
    0x08003e36   0x08003e36   0x00000002   PAD
    0x08003e38   0x08003e38   0x00000010   Data   RO          577    Region$$Table       anon$$obj.o
    0x08003e48   0x08003e48   0x0000001c   Data   RO          417    locale$$data        c_w.l(lc_numeric_c.o)
    0x08003e64   0x08003e64   0x00000110   Data   RO          439    locale$$data        c_w.l(lc_ctype_c.o)


    Execution Region ER_RW (Exec base: 0x20000000, Load base: 0x08003f74, Size: 0x00000000, Max: 0xffffffff, ABSOLUTE)

    **** No section assigned to this execution region ****


    Execution Region ER_ZI (Exec base: 0x20000000, Load base: 0x08003f74, Size: 0x000006b8, Max: 0xffffffff, ABSOLUTE)

    Exec Addr    Load Addr    Size         Type   Attr      Idx    E Section Name        Object

    0x20000000        -       0x00000060   Zero   RW          433    .bss                c_w.l(libspace.o)
    0x20000060        -       0x00000002   Zero   RW           70    .bss.TIM2_IRQHandler.OverflowCount  main.o
    0x20000062        -       0x00000002   Zero   RW           69    .bss.TIM2_IRQHandler.ovf  main.o
    0x20000064        -       0x00000002   Zero   RW           73    .bss.TIM3_IRQHandler.OverflowCount2  main.o
    0x20000066        -       0x00000002   Zero   RW           72    .bss.TIM3_IRQHandler.ovf2  main.o
    0x20000068        -       0x00000014   Zero   RW           67    .bss.Timer2Channel  main.o
    0x2000007c        -       0x00000014   Zero   RW           68    .bss.Timer3Channel  main.o
    0x20000090        -       0x00000004   Zero   RW           51    .bss.old_duty_ch1   main.o
    0x20000094        -       0x00000004   Zero   RW           60    .bss.old_duty_ch2   main.o
    0x20000098        -       0x00000004   Zero   RW           50    .bss.old_freq_ch1   main.o
    0x2000009c        -       0x00000004   Zero   RW           59    .bss.old_freq_ch2   main.o
    0x200000a0        -       0x00000001   Zero   RW           66    .bss.sendFreqDutyOnce  main.o
    0x200000a1   0x08003f74   0x00000003   PAD
    0x200000a4        -       0x00000004   Zero   RW           52    .bss.stringSent_ch1  main.o
    0x200000a8        -       0x00000004   Zero   RW           61    .bss.stringSent_ch2  main.o
    0x200000ac        -       0x00000004   Zero   RW           53    .bss.update_ch1     main.o
    0x200000b0        -       0x00000004   Zero   RW           62    .bss.update_ch2     main.o
    0x200000b4   0x08003f74   0x00000004   PAD
    0x200000b8        -       0x00000200   Zero   RW          142    HEAP                startup_stm32f10x_md.o
    0x200002b8        -       0x00000400   Zero   RW          141    STACK               startup_stm32f10x_md.o


==============================================================================

Image component sizes


      Code (inc. data)   RO Data    RW Data    ZI Data      Debug   Object Name

      2656          0         30          0         81       9499   main.o
       384          0         56          0          0       1806   rcc.o
        64         26        236          0       1536        832   startup_stm32f10x_md.o
       400          0          0          0          0       2923   system_stm32f10x.o
       588          0          0          0          0       3540   tim.o
       362          0          0          0          0       2342   usart.o

    ----------------------------------------------------------------------
      4478         26        340          0       1624      20942   Object Totals
         0          0         16          0          0          0   (incl. Generated)
        24          0          2          0          7          0   (incl. Padding)

    ----------------------------------------------------------------------

      Code (inc. data)   RO Data    RW Data    ZI Data      Debug   Library Member Name

         8          0          0          0          0         68   __main.o
       392          4         17          0          0         92   __printf_flags_ss_wp.o
        14          0          0          0          0         68   __printf_wp.o
         0          0          0          0          0          0   __rtentry.o
        12          0          0          0          0          0   __rtentry2.o
         6          0          0          0          0          0   __rtentry4.o
        94          8          0          0          0          0   __scatter.o
        28          0          0          0          0          0   __scatter_zi.o
        72          0          0          0          0         96   _c16rtomb.o
         6          0          0          0          0          0   _printf_a.o
         6          0          0          0          0          0   _printf_c.o
        44          0          0          0          0        108   _printf_char.o
        48          6          0          0          0         96   _printf_char_common.o
        40          0          0          0          0         68   _printf_charcount.o
         6          0          0          0          0          0   _printf_d.o
       120         16          0          0          0         92   _printf_dec.o
         6          0          0          0          0          0   _printf_e.o
         6          0          0          0          0          0   _printf_f.o
      1052          0          0          0          0        148   _printf_fp_dec.o
       764          8         38          0          0        100   _printf_fp_hex.o
       128         16          0          0          0         84   _printf_fp_infnan.o
         6          0          0          0          0          0   _printf_g.o
       148          4         40          0          0        160   _printf_hex_int_ll_ptr.o
         6          0          0          0          0          0   _printf_i.o
       178          0          0          0          0         88   _printf_intcommon.o
        10          0          0          0          0          0   _printf_l.o
         6          0          0          0          0          0   _printf_lc.o
        10          0          0          0          0          0   _printf_ll.o
         6          0          0          0          0          0   _printf_lld.o
         6          0          0          0          0          0   _printf_lli.o
         6          0          0          0          0          0   _printf_llo.o
         6          0          0          0          0          0   _printf_llu.o
         6          0          0          0          0          0   _printf_llx.o
       124         16          0          0          0         92   _printf_longlong_dec.o
         6          0          0          0          0          0   _printf_ls.o
         6          0          0          0          0          0   _printf_n.o
         6          0          0          0          0          0   _printf_o.o
       112          8          0          0          0        124   _printf_oct_int_ll.o
         6          0          0          0          0          0   _printf_p.o
        78          0          0          0          0        108   _printf_pad.o
         0          0          0          0          0          0   _printf_percent.o
         4          0          0          0          0          0   _printf_percent_end.o
         6          0          0          0          0          0   _printf_s.o
        82          0          0          0          0         80   _printf_str.o
        36          0          0          0          0         84   _printf_truncate.o
         6          0          0          0          0          0   _printf_u.o
        44          0          0          0          0        108   _printf_wchar.o
       188          6          8          0          0         92   _printf_wctomb.o
         6          0          0          0          0          0   _printf_x.o
        10          0          0          0          0         68   _sputc.o
       228          4        148          0          0         96   bigflt0.o
      1936        128          0          0          0        668   btod.o
        18          0          0          0          0         80   exit.o
         6          0          0          0          0        152   heapauxi.o
         0          0          0          0          0          0   indicate_semi.o
        44         10        272          0          0         76   lc_ctype_c.o
        44         10         28          0          0         76   lc_numeric_c.o
         2          0          0          0          0          0   libinit.o
        30          0          0          0          0          0   libinit2.o
         2          0          0          0          0          0   libshutdown.o
         2          0          0          0          0          0   libshutdown2.o
         8          4          0          0         96         68   libspace.o
       138          0          0          0          0         80   lludiv10.o
        16          4          0          0          0         76   rt_ctype_table.o
         8          4          0          0          0         68   rt_locale_intlibspace.o
         2          0          0          0          0          0   rtexit.o
        10          0          0          0          0          0   rtexit2.o
        44          6          0          0          0         84   sprintf.o
       128          0          0          0          0         68   strcmpv7m.o
        12          4          0          0          0         68   sys_exit.o
        74          0          0          0          0         80   sys_stackheap_outer.o
         2          0          0          0          0         68   use_no_semi.o
       812         16          0          0          0        296   daddsub_clz.o
       696        140          0          0          0        216   ddiv.o
        90          4          0          0          0         92   dfixu.o
        38          0          0          0          0         68   dflt_clz.o
       340         12          0          0          0        104   dmul.o
       156          4          0          0          0         92   dnaninf.o
        12          0          0          0          0         68   dretinf.o
        86          4          0          0          0         84   f2d.o
       430          8          0          0          0        168   faddsub_clz.o
        84          0          0          0          0        196   fcmp.o
        24          0          0          0          0         68   fcmpi.o
       388         76          0          0          0         96   fdiv.o
       104          4          0          0          0         84   feqf.o
        54          4          0          0          0         84   ffix.o
        62          4          0          0          0         84   ffixu.o
        86          0          0          0          0        136   fflt_clz.o
       104          4          0          0          0         84   fgeqf.o
       104          4          0          0          0         84   fleqf.o
       258          4          0          0          0         84   fmul.o
       140          4          0          0          0         84   fnaninf.o
        10          0          0          0          0         68   fretinf.o
         4          0          0          0          0         68   printf1.o
         4          0          0          0          0         68   printf2.o
         0          0          0          0          0          0   usenofp.o
        40          0          0          0          0         68   fpclassify.o

    ----------------------------------------------------------------------
     10874        558        552          0         96       6376   Library Totals
        28          0          1          0          0          0   (incl. Padding)

    ----------------------------------------------------------------------

      Code (inc. data)   RO Data    RW Data    ZI Data      Debug   Library Name

      6720        266        551          0         96       3832   c_w.l
      4086        292          0          0          0       2476   fz_ws.l
        40          0          0          0          0         68   m_ws.l

    ----------------------------------------------------------------------
     10874        558        552          0         96       6376   Library Totals

    ----------------------------------------------------------------------

==============================================================================


      Code (inc. data)   RO Data    RW Data    ZI Data      Debug   

     15352        584        892          0       1720      23854   Grand Totals
     15352        584        892          0       1720      23854   ELF Image Totals
     15352        584        892          0          0          0   ROM Totals

==============================================================================

    Total RO  Size (Code + RO Data)                16244 (  15.86kB)
    Total RW  Size (RW Data + ZI Data)              1720 (   1.68kB)
    Total ROM Size (Code + RO Data + RW Data)      16244 (  15.86kB)

==============================================================================

